Archive member included because of file (symbol)

/home/alonetrio/wii/GRRLib3.0.5a/template/lib/libpng.a(png.o)
                              pngu.o (png_get_io_ptr)
/home/alonetrio/wii/GRRLib3.0.5a/template/lib/libpng.a(pngerror.o)
                              /home/alonetrio/wii/GRRLib3.0.5a/template/lib/libpng.a(png.o) (png_warning)
/home/alonetrio/wii/GRRLib3.0.5a/template/lib/libpng.a(pngget.o)
                              pngu.o (png_get_rowbytes)
/home/alonetrio/wii/GRRLib3.0.5a/template/lib/libpng.a(pngmem.o)
                              /home/alonetrio/wii/GRRLib3.0.5a/template/lib/libpng.a(png.o) (png_free)
/home/alonetrio/wii/GRRLib3.0.5a/template/lib/libpng.a(pngread.o)
                              pngu.o (png_destroy_read_struct)
/home/alonetrio/wii/GRRLib3.0.5a/template/lib/libpng.a(pngrio.o)
                              pngu.o (png_set_read_fn)
/home/alonetrio/wii/GRRLib3.0.5a/template/lib/libpng.a(pngrtran.o)
                              pngu.o (png_set_strip_16)
/home/alonetrio/wii/GRRLib3.0.5a/template/lib/libpng.a(pngrutil.o)
                              /home/alonetrio/wii/GRRLib3.0.5a/template/lib/libpng.a(pngread.o) (png_get_uint_31)
/home/alonetrio/wii/GRRLib3.0.5a/template/lib/libpng.a(pngset.o)
                              /home/alonetrio/wii/GRRLib3.0.5a/template/lib/libpng.a(pngrutil.o) (png_set_oFFs)
/home/alonetrio/wii/GRRLib3.0.5a/template/lib/libpng.a(pngtrans.o)
                              /home/alonetrio/wii/GRRLib3.0.5a/template/lib/libpng.a(pngread.o) (png_set_bgr)
/home/alonetrio/wii/GRRLib3.0.5a/template/lib/libpng.a(pngwio.o)
                              pngu.o (png_set_write_fn)
/home/alonetrio/wii/GRRLib3.0.5a/template/lib/libpng.a(pngwrite.o)
                              pngu.o (png_destroy_write_struct)
/home/alonetrio/wii/GRRLib3.0.5a/template/lib/libpng.a(pngwtran.o)
                              /home/alonetrio/wii/GRRLib3.0.5a/template/lib/libpng.a(pngwrite.o) (png_do_write_intrapixel)
/home/alonetrio/wii/GRRLib3.0.5a/template/lib/libpng.a(pngwutil.o)
                              /home/alonetrio/wii/GRRLib3.0.5a/template/lib/libpng.a(pngwrite.o) (png_do_write_interlace)
/opt/devkitpro/libogc/lib/wii/libz.a(crc32.o)
                              /home/alonetrio/wii/GRRLib3.0.5a/template/lib/libpng.a(png.o) (crc32)
/opt/devkitpro/libogc/lib/wii/libz.a(deflate.o)
                              /home/alonetrio/wii/GRRLib3.0.5a/template/lib/libpng.a(pngwrite.o) (deflateEnd)
/opt/devkitpro/libogc/lib/wii/libz.a(trees.o)
                              /opt/devkitpro/libogc/lib/wii/libz.a(deflate.o) (_tr_init)
/opt/devkitpro/libogc/lib/wii/libz.a(zutil.o)
                              /opt/devkitpro/libogc/lib/wii/libz.a(deflate.o) (zcfree)
/opt/devkitpro/libogc/lib/wii/libz.a(inflate.o)
                              /home/alonetrio/wii/GRRLib3.0.5a/template/lib/libpng.a(png.o) (inflateReset)
/opt/devkitpro/libogc/lib/wii/libz.a(inftrees.o)
                              /opt/devkitpro/libogc/lib/wii/libz.a(inflate.o) (inflate_table)
/opt/devkitpro/libogc/lib/wii/libz.a(inffast.o)
                              /opt/devkitpro/libogc/lib/wii/libz.a(inflate.o) (inflate_fast)
/opt/devkitpro/libogc/lib/wii/libz.a(adler32.o)
                              /opt/devkitpro/libogc/lib/wii/libz.a(deflate.o) (adler32)
/opt/devkitpro/libogc/lib/wii/libz.a(compress.o)
                              /opt/devkitpro/libogc/lib/wii/libz.a(deflate.o) (compressBound)
/opt/devkitpro/libogc/lib/wii/libfat.a(libfat.o)
                              main.o (fatInitDefault)
/opt/devkitpro/libogc/lib/wii/libfat.a(partition.o)
                              /opt/devkitpro/libogc/lib/wii/libfat.a(libfat.o) (_FAT_partition_destructor)
/opt/devkitpro/libogc/lib/wii/libfat.a(cache.o)
                              /opt/devkitpro/libogc/lib/wii/libfat.a(partition.o) (_FAT_cache_destructor)
/opt/devkitpro/libogc/lib/wii/libfat.a(disc.o)
                              /opt/devkitpro/libogc/lib/wii/libfat.a(libfat.o) (_FAT_disc_interfaces)
/opt/devkitpro/libogc/lib/wii/libfat.a(fatdir.o)
                              /opt/devkitpro/libogc/lib/wii/libfat.a(libfat.o) (_FAT_link_r)
/opt/devkitpro/libogc/lib/wii/libfat.a(fatfile.o)
                              /opt/devkitpro/libogc/lib/wii/libfat.a(partition.o) (_FAT_syncToDisc)
/opt/devkitpro/libogc/lib/wii/libfat.a(file_allocation_table.o)
                              /opt/devkitpro/libogc/lib/wii/libfat.a(fatfile.o) (_FAT_fat_nextCluster)
/opt/devkitpro/libogc/lib/wii/libfat.a(filetime.o)
                              /opt/devkitpro/libogc/lib/wii/libfat.a(fatdir.o) (_FAT_filetime_getDateFromRTC)
/opt/devkitpro/libogc/lib/wii/libfat.a(directory.o)
                              /opt/devkitpro/libogc/lib/wii/libfat.a(fatdir.o) (_FAT_directory_entryGetCluster)
/opt/devkitpro/libogc/lib/wii/libwiiuse.a(wpad.o)
                              main.o (WPAD_ButtonsDown)
/opt/devkitpro/libogc/lib/wii/libwiiuse.a(dynamics.o)
[...]
Memory Configuration

Name             Origin             Length             Attributes
*default*        0x00000000         0xffffffff

Linker script and memory map

                0x00003400                . = 0x3400

.stub
 *(.stub)
                0x80004000                . = 0x80004000

.init           0x80004000      0x208
 *crt0.o(*.init)
 .init          0x80004000      0x1e4 /opt/devkitpro/libogc/lib/wii/libogc.a(ogc_crt0.o)
                0x8000419c                _memset
                0x80004000                _start
                0x800041cc                video_line
 *(.init)
 .init          0x800041e4        0xc /opt/devkitpro/devkitPPC/lib/gcc/powerpc-gekko/4.2.4/ecrti.o
                0x800041e4                __init
 .init          0x800041f0        0x4 /opt/devkitpro/devkitPPC/lib/gcc/powerpc-gekko/4.2.4/crtbegin.o
 .init          0x800041f4        0x4 /opt/devkitpro/devkitPPC/lib/gcc/powerpc-gekko/4.2.4/crtend.o
 .init          0x800041f8       0x10 /opt/devkitpro/devkitPPC/lib/gcc/powerpc-gekko/4.2.4/ecrtn.o

.plt
 *(.plt)

.interp
 *(.interp)

.hash
 *(.hash)

.dynsym
 *(.dynsym)

.dynstr
 *(.dynstr)

.gnu.version
 *(.gnu.version)

.gnu.version_d
 *(.gnu.version_d)

.gnu.version_r
 *(.gnu.version_r)

.rel.init
 *(.rel.init)

.rela.init      0x80004208        0x0
 *(.rela.init)
 .rela.init     0x00000000        0x0 /opt/devkitpro/devkitPPC/lib/gcc/powerpc-gekko/4.2.4/crtbegin.o

.rel.text
 *(.rel.text .rel.text.* .rel.gnu.linkonce.t.*)

.rela.text      0x80004208        0x0
 *(.rela.text .rela.text.* .rela.gnu.linkonce.t.*)
 .rela.text     0x00000000        0x0 /opt/devkitpro/devkitPPC/lib/gcc/powerpc-gekko/4.2.4/crtbegin.o
 .rela.text.main
                0x00000000        0x0 /opt/devkitpro/devkitPPC/lib/gcc/powerpc-gekko/4.2.4/crtbegin.o
 .rela.text.GRRLIB_Start
                0x00000000        0x0 /opt/devkitpro/devkitPPC/lib/gcc/powerpc-gekko/4.2.4/crtbegin.o
 .rela.text.GRRLIB_InitVideo
                0x00000000        0x0 /opt/devkitpro/devkitPPC/lib/gcc/powerpc-gekko/4.2.4/crtbegin.o
 .rela.text.GRRLIB_DrawTile
                0x00000000        0x0 /opt/devkitpro/devkitPPC/lib/gcc/powerpc-gekko/4.2.4/crtbegin.o
 .rela.text.GRRLIB_DrawImg
                0x00000000        0x0 /opt/devkitpro/devkitPPC/lib/gcc/powerpc-gekko/4.2.4/crtbegin.o
 .rela.text.GRRLIB_Printf
                0x00000000        0x0 /opt/devkitpro/devkitPPC/lib/gcc/powerpc-gekko/4.2.4/crtbegin.o
 .rela.text.deflate
                0x00000000        0x0 /opt/devkitpro/devkitPPC/lib/gcc/powerpc-gekko/4.2.4/crtbegin.o
 .rela.text.deflate_slow
                0x00000000        0x0 /opt/devkitpro/devkitPPC/lib/gcc/powerpc-gekko/4.2.4/crtbegin.o
 .rela.text.deflate_fast
                0x00000000        0x0 /opt/devkitpro/devkitPPC/lib/gcc/powerpc-gekko/4.2.4/crtbegin.o
 .rela.text.deflateInit2_
                0x00000000        0x0 /opt/devkitpro/devkitPPC/lib/gcc/powerpc-gekko/4.2.4/crtbegin.o
 .rela.text.fatUnmount
                0x00000000        0x0 /opt/devkitpro/devkitPPC/lib/gcc/powerpc-gekko/4.2.4/crtbegin.o
 .rela.text.fatInit
                0x00000000        0x0 /opt/devkitpro/devkitPPC/lib/gcc/powerpc-gekko/4.2.4/crtbegin.o
 .rela.text.get_io_gcsda
                0x00000000        0x0 /opt/devkitpro/devkitPPC/lib/gcc/powerpc-gekko/4.2.4/crtbegin.o
 .rela.text.get_io_gcsdb
                0x00000000        0x0 /opt/devkitpro/devkitPPC/lib/gcc/powerpc-gekko/4.2.4/crtbegin.o
 .rela.text.get_io_wiisd
                0x00000000        0x0 /opt/devkitpro/devkitPPC/lib/gcc/powerpc-gekko/4.2.4/crtbegin.o
 .rela.text.get_io_usbstorage
                0x00000000        0x0 /opt/devkitpro/devkitPPC/lib/gcc/powerpc-gekko/4.2.4/crtbegin.o
 .rela.text._FAT_directory_mbsncasecmp
                0x00000000        0x0 /opt/devkitpro/devkitPPC/lib/gcc/powerpc-gekko/4.2.4/crtbegin.o
 .rela.text._FAT_directory_ucs2tombs
                0x00000000        0x0 /opt/devkitpro/devkitPPC/lib/gcc/powerpc-gekko/4.2.4/crtbegin.o
 .rela.text._FAT_directory_addEntry
                0x00000000        0x0 /opt/devkitpro/devkitPPC/lib/gcc/powerpc-gekko/4.2.4/crtbegin.o
 .rela.text.wiiuse_init_cmd_queue
                0x00000000        0x0 /opt/devkitpro/devkitPPC/lib/gcc/powerpc-gekko/4.2.4/crtbegin.o
 .rela.text.wiiuse_init
                0x00000000        0x0 /opt/devkitpro/devkitPPC/lib/gcc/powerpc-gekko/4.2.4/crtbegin.o
 .rela.text.guitar_hero_3_handshake
                0x00000000        0x0 /opt/devkitpro/devkitPPC/lib/gcc/powerpc-gekko/4.2.4/crtbegin.o
 .rela.text.wiiuse_handshake_expansion
                0x00000000        0x0 /opt/devkitpro/devkitPPC/lib/gcc/powerpc-gekko/4.2.4/crtbegin.o
 .rela.text.wiiuse_handshake
                0x00000000        0x0 /opt/devkitpro/devkitPPC/lib/gcc/powerpc-gekko/4.2.4/crtbegin.o
 .rela.text.bt_alarmhandler
                0x00000000        0x0 /opt/devkitpro/devkitPPC/lib/gcc/powerpc-gekko/4.2.4/crtbegin.o
 .rela.text.__lwp_rotate_readyqueue
                0x00000000        0x0 /opt/devkitpro/devkitPPC/lib/gcc/powerpc-gekko/4.2.4/crtbegin.o
 .rela.text.__lwp_thread_setstate
                0x00000000        0x0 /opt/devkitpro/devkitPPC/lib/gcc/powerpc-gekko/4.2.4/crtbegin.o
 .rela.text.__lwp_thread_setpriority
                0x00000000        0x0 /opt/devkitpro/devkitPPC/lib/gcc/powerpc-gekko/4.2.4/crtbegin.o
 .rela.text.__lwp_thread_ready
                0x00000000        0x0 /opt/devkitpro/devkitPPC/lib/gcc/powerpc-gekko/4.2.4/crtbegin.o
 .rela.text.__lwp_thread_close
                0x00000000        0x0 /opt/devkitpro/devkitPPC/lib/gcc/powerpc-gekko/4.2.4/crtbegin.o
 .rela.text.__lwp_thread_stopmultitasking
                0x00000000        0x0 /opt/devkitpro/devkitPPC/lib/gcc/powerpc-gekko/4.2.4/crtbegin.o
 .rela.text.__lwp_thread_startmultitasking
                0x00000000        0x0 /opt/devkitpro/devkitPPC/lib/gcc/powerpc-gekko/4.2.4/crtbegin.o
 .rela.text.__lwp_thread_closeall
                0x00000000        0x0 /opt/devkitpro/devkitPPC/lib/gcc/powerpc-gekko/4.2.4/crtbegin.o
 .rela.text.__lwp_thread_changepriority
                0x00000000        0x0 /opt/devkitpro/devkitPPC/lib/gcc/powerpc-gekko/4.2.4/crtbegin.o
 .rela.text.__lwp_thread_coreinit
                0x00000000        0x0 /opt/devkitpro/devkitPPC/lib/gcc/powerpc-gekko/4.2.4/crtbegin.o
 .rela.text.__lwp_thread_suspend
                0x00000000        0x0 /opt/devkitpro/devkitPPC/lib/gcc/powerpc-gekko/4.2.4/crtbegin.o
 .rela.text.__lwp_thread_context
                0x00000000        0x0 /opt/devkitpro/devkitPPC/lib/gcc/powerpc-gekko/4.2.4/crtbegin.o
 .rela.text.__lwp_thread_exists
                0x00000000        0x0 /opt/devkitpro/devkitPPC/lib/gcc/powerpc-gekko/4.2.4/crtbegin.o
 .rela.text.__lwp_thread_isalive
                0x00000000        0x0 /opt/devkitpro/devkitPPC/lib/gcc/powerpc-gekko/4.2.4/crtbegin.o
 .rela.text.__lwp_sysinit
                0x00000000        0x0 /opt/devkitpro/devkitPPC/lib/gcc/powerpc-gekko/4.2.4/crtbegin.o
 .rela.text.LWP_ThreadSignal
                0x00000000        0x0 /opt/devkitpro/devkitPPC/lib/gcc/powerpc-gekko/4.2.4/crtbegin.o
 .rela.text.LWP_ThreadBroadcast
                0x00000000        0x0 /opt/devkitpro/devkitPPC/lib/gcc/powerpc-gekko/4.2.4/crtbegin.o
 .rela.text.LWP_ThreadSleep
                0x00000000        0x0 /opt/devkitpro/devkitPPC/lib/gcc/powerpc-gekko/4.2.4/crtbegin.o
 .rela.text.LWP_CloseQueue
                0x00000000        0x0 /opt/devkitpro/devkitPPC/lib/gcc/powerpc-gekko/4.2.4/crtbegin.o
 .rela.text.LWP_InitQueue
                0x00000000        0x0 /opt/devkitpro/devkitPPC/lib/gcc/powerpc-gekko/4.2.4/crtbegin.o
 .rela.text.LWP_JoinThread
                0x00000000        0x0 /opt/devkitpro/devkitPPC/lib/gcc/powerpc-gekko/4.2.4/crtbegin.o
 .rela.text.LWP_ThreadIsSuspended
                0x00000000        0x0 /opt/devkitpro/devkitPPC/lib/gcc/powerpc-gekko/4.2.4/crtbegin.o
 .rela.text.LWP_SetThreadPriority
                0x00000000        0x0 /opt/devkitpro/devkitPPC/lib/gcc/powerpc-gekko/4.2.4/crtbegin.o
 .rela.text.LWP_ResumeThread
                0x00000000        0x0 /opt/devkitpro/devkitPPC/lib/gcc/powerpc-gekko/4.2.4/crtbegin.o
 .rela.text.LWP_SuspendThread
                0x00000000        0x0 /opt/devkitpro/devkitPPC/lib/gcc/powerpc-gekko/4.2.4/crtbegin.o
 .rela.text.LWP_CreateThread
                0x00000000        0x0 /opt/devkitpro/devkitPPC/lib/gcc/powerpc-gekko/4.2.4/crtbegin.o
 .rela.text.__lwp_stack_free
                0x00000000        0x0 /opt/devkitpro/devkitPPC/lib/gcc/powerpc-gekko/4.2.4/crtbegin.o
 .rela.text.__lwp_stack_allocate
                0x00000000        0x0 /opt/devkitpro/devkitPPC/lib/gcc/powerpc-gekko/4.2.4/crtbegin.o
 .rela.text.__lwp_watchdog_init
                0x00000000        0x0 /opt/devkitpro/devkitPPC/lib/gcc/powerpc-gekko/4.2.4/crtbegin.o
 .rela.text.__lwp_wd_tickle
                0x00000000        0x0 /opt/devkitpro/devkitPPC/lib/gcc/powerpc-gekko/4.2.4/crtbegin.o
 .rela.text.__lwp_wkspace_init
                0x00000000        0x0 /opt/devkitpro/devkitPPC/lib/gcc/powerpc-gekko/4.2.4/crtbegin.o
 .rela.text.__lwp_wkspace_heapused
                0x00000000        0x0 /opt/devkitpro/devkitPPC/lib/gcc/powerpc-gekko/4.2.4/crtbegin.o
 .rela.text.__lwp_wkspace_heapfree
                0x00000000        0x0 /opt/devkitpro/devkitPPC/lib/gcc/powerpc-gekko/4.2.4/crtbegin.o
 .rela.text.__lwp_objmgr_initinfo
                0x00000000        0x0 /opt/devkitpro/devkitPPC/lib/gcc/powerpc-gekko/4.2.4/crtbegin.o
 .rela.text.__irq_init
                0x00000000        0x0 /opt/devkitpro/devkitPPC/lib/gcc/powerpc-gekko/4.2.4/crtbegin.o
 .rela.text.__lwp_mutex_init
                0x00000000        0x0 /opt/devkitpro/devkitPPC/lib/gcc/powerpc-gekko/4.2.4/crtbegin.o
 .rela.text.LWP_MutexDestroy
                0x00000000        0x0 /opt/devkitpro/devkitPPC/lib/gcc/powerpc-gekko/4.2.4/crtbegin.o
 .rela.text.LWP_MutexUnlock
                0x00000000        0x0 /opt/devkitpro/devkitPPC/lib/gcc/powerpc-gekko/4.2.4/crtbegin.o
 .rela.text.__lwp_mutex_locksupp
                0x00000000        0x0 /opt/devkitpro/devkitPPC/lib/gcc/powerpc-gekko/4.2.4/crtbegin.o
 .rela.text.LWP_MutexInit
                0x00000000        0x0 /opt/devkitpro/devkitPPC/lib/gcc/powerpc-gekko/4.2.4/crtbegin.o
 .rela.text.__sram_sync
                0x00000000        0x0 /opt/devkitpro/devkitPPC/lib/gcc/powerpc-gekko/4.2.4/crtbegin.o
 .rela.text.__locksram
                0x00000000        0x0 /opt/devkitpro/devkitPPC/lib/gcc/powerpc-gekko/4.2.4/crtbegin.o
 .rela.text.__sram_init
                0x00000000        0x0 /opt/devkitpro/devkitPPC/lib/gcc/powerpc-gekko/4.2.4/crtbegin.o
 .rela.text.SYS_Init
                0x00000000        0x0 /opt/devkitpro/devkitPPC/lib/gcc/powerpc-gekko/4.2.4/crtbegin.o
 .rela.text.__unlocksram
                0x00000000        0x0 /opt/devkitpro/devkitPPC/lib/gcc/powerpc-gekko/4.2.4/crtbegin.o
 .rela.text.__sram_writecallback
                0x00000000        0x0 /opt/devkitpro/devkitPPC/lib/gcc/powerpc-gekko/4.2.4/crtbegin.o
 .rela.text.SYS_CancelAlarm
                0x00000000        0x0 /opt/devkitpro/devkitPPC/lib/gcc/powerpc-gekko/4.2.4/crtbegin.o
 .rela.text.SYS_RemoveAlarm
                0x00000000        0x0 /opt/devkitpro/devkitPPC/lib/gcc/powerpc-gekko/4.2.4/crtbegin.o
 .rela.text.SYS_SetAlarm
                0x00000000        0x0 /opt/devkitpro/devkitPPC/lib/gcc/powerpc-gekko/4.2.4/crtbegin.o
 .rela.text.__sys_alarmhandler
                0x00000000        0x0 /opt/devkitpro/devkitPPC/lib/gcc/powerpc-gekko/4.2.4/crtbegin.o
 .rela.text.SYS_SetPeriodicAlarm
                0x00000000        0x0 /opt/devkitpro/devkitPPC/lib/gcc/powerpc-gekko/4.2.4/crtbegin.o
 .rela.text.__lwp_cond_init
                0x00000000        0x0 /opt/devkitpro/devkitPPC/lib/gcc/powerpc-gekko/4.2.4/crtbegin.o
 .rela.text.LWP_CondDestroy
                0x00000000        0x0 /opt/devkitpro/devkitPPC/lib/gcc/powerpc-gekko/4.2.4/crtbegin.o
 .rela.text.LWP_CondInit
                0x00000000        0x0 /opt/devkitpro/devkitPPC/lib/gcc/powerpc-gekko/4.2.4/crtbegin.o
 .rela.text.__lwp_cond_signalsupp
                0x00000000        0x0 /opt/devkitpro/devkitPPC/lib/gcc/powerpc-gekko/4.2.4/crtbegin.o
 .rela.text.__lwp_cond_waitsupp
                0x00000000        0x0 /opt/devkitpro/devkitPPC/lib/gcc/powerpc-gekko/4.2.4/crtbegin.o
 .rela.text.GX_EndDispList
                0x00000000        0x0 /opt/devkitpro/devkitPPC/lib/gcc/powerpc-gekko/4.2.4/crtbegin.o
 .rela.text.GX_BeginDispList
                0x00000000        0x0 /opt/devkitpro/devkitPPC/lib/gcc/powerpc-gekko/4.2.4/crtbegin.o
 .rela.text.c_decrementer_handler
                0x00000000        0x0 /opt/devkitpro/devkitPPC/lib/gcc/powerpc-gekko/4.2.4/crtbegin.o
 .rela.text.__lwp_mqbox_init
                0x00000000        0x0 /opt/devkitpro/devkitPPC/lib/gcc/powerpc-gekko/4.2.4/crtbegin.o
 .rela.text.MQ_Close
                0x00000000        0x0 /opt/devkitpro/devkitPPC/lib/gcc/powerpc-gekko/4.2.4/crtbegin.o
 .rela.text.MQ_Init
                0x00000000        0x0 /opt/devkitpro/devkitPPC/lib/gcc/powerpc-gekko/4.2.4/crtbegin.o
 .rela.text.MQ_Jam
                0x00000000        0x0 /opt/devkitpro/devkitPPC/lib/gcc/powerpc-gekko/4.2.4/crtbegin.o
 .rela.text.MQ_Receive
                0x00000000        0x0 /opt/devkitpro/devkitPPC/lib/gcc/powerpc-gekko/4.2.4/crtbegin.o
 .rela.text.MQ_Send
                0x00000000        0x0 /opt/devkitpro/devkitPPC/lib/gcc/powerpc-gekko/4.2.4/crtbegin.o
 .rela.text.__ios_ioctlvformat_parse
                0x00000000        0x0 /opt/devkitpro/devkitPPC/lib/gcc/powerpc-gekko/4.2.4/crtbegin.o
 .rela.text.__ioctlvfmtCB
                0x00000000        0x0 /opt/devkitpro/devkitPPC/lib/gcc/powerpc-gekko/4.2.4/crtbegin.o
 .rela.text.IOS_IoctlvFormatAsync
                0x00000000        0x0 /opt/devkitpro/devkitPPC/lib/gcc/powerpc-gekko/4.2.4/crtbegin.o
 .rela.text.IOS_IoctlvFormat
                0x00000000        0x0 /opt/devkitpro/devkitPPC/lib/gcc/powerpc-gekko/4.2.4/crtbegin.o
 .rela.text.nanosleep
                0x00000000        0x0 /opt/devkitpro/devkitPPC/lib/gcc/powerpc-gekko/4.2.4/crtbegin.o
 .rela.text.__libc_init
                0x00000000        0x0 /opt/devkitpro/devkitPPC/lib/gcc/powerpc-gekko/4.2.4/crtbegin.o
 .rela.text.__libc_wrapup
                0x00000000        0x0 /opt/devkitpro/devkitPPC/lib/gcc/powerpc-gekko/4.2.4/crtbegin.o
 .rela.text.__libc_delete_hook
                0x00000000        0x0 /opt/devkitpro/devkitPPC/lib/gcc/powerpc-gekko/4.2.4/crtbegin.o
 .rela.text.__CheckARGV
                0x00000000        0x0 /opt/devkitpro/devkitPPC/lib/gcc/powerpc-gekko/4.2.4/crtbegin.o
 .rela.text.__lwp_priority_init
                0x00000000        0x0 /opt/devkitpro/devkitPPC/lib/gcc/powerpc-gekko/4.2.4/crtbegin.o
 .rela.text.__lwp_threadqueue_extractpriority
                0x00000000        0x0 /opt/devkitpro/devkitPPC/lib/gcc/powerpc-gekko/4.2.4/crtbegin.o
 .rela.text.__lwp_threadqueue_extractfifo
                0x00000000        0x0 /opt/devkitpro/devkitPPC/lib/gcc/powerpc-gekko/4.2.4/crtbegin.o
 .rela.text.__lwp_threadqueue_dequeuepriority
                0x00000000        0x0 /opt/devkitpro/devkitPPC/lib/gcc/powerpc-gekko/4.2.4/crtbegin.o
 .rela.text.__lwp_threadqueue_enqueuepriority
                0x00000000        0x0 /opt/devkitpro/devkitPPC/lib/gcc/powerpc-gekko/4.2.4/crtbegin.o
 .rela.text.__lwp_threadqueue_dequeuefifo
                0x00000000        0x0 /opt/devkitpro/devkitPPC/lib/gcc/powerpc-gekko/4.2.4/crtbegin.o
 .rela.text.__lwp_threadqueue_enqueuefifo
                0x00000000        0x0 /opt/devkitpro/devkitPPC/lib/gcc/powerpc-gekko/4.2.4/crtbegin.o
 .rela.text.__lwp_threadqueue_enqueue
                0x00000000        0x0 /opt/devkitpro/devkitPPC/lib/gcc/powerpc-gekko/4.2.4/crtbegin.o
 .rela.text.__lwpmq_close
                0x00000000        0x0 /opt/devkitpro/devkitPPC/lib/gcc/powerpc-gekko/4.2.4/crtbegin.o
 .rela.text.__lwpmq_initialize
                0x00000000        0x0 /opt/devkitpro/devkitPPC/lib/gcc/powerpc-gekko/4.2.4/crtbegin.o
 .rela.text.__exception_sethandler
                0x00000000        0x0 /opt/devkitpro/devkitPPC/lib/gcc/powerpc-gekko/4.2.4/crtbegin.o
 .rela.text.__exception_init
                0x00000000        0x0 /opt/devkitpro/devkitPPC/lib/gcc/powerpc-gekko/4.2.4/crtbegin.o
 .rela.text.__systemcall_init
                0x00000000        0x0 /opt/devkitpro/devkitPPC/lib/gcc/powerpc-gekko/4.2.4/crtbegin.o
 .rela.text.__lwp_sema_init
                0x00000000        0x0 /opt/devkitpro/devkitPPC/lib/gcc/powerpc-gekko/4.2.4/crtbegin.o
 .rela.text.LWP_SemInit
                0x00000000        0x0 /opt/devkitpro/devkitPPC/lib/gcc/powerpc-gekko/4.2.4/crtbegin.o
 .rela.text.LWP_SemDestroy
                0x00000000        0x0 /opt/devkitpro/devkitPPC/lib/gcc/powerpc-gekko/4.2.4/crtbegin.o
 .rela.text.LWP_SemPost
                0x00000000        0x0 /opt/devkitpro/devkitPPC/lib/gcc/powerpc-gekko/4.2.4/crtbegin.o
 .rela.text.LWP_SemWait
                0x00000000        0x0 /opt/devkitpro/devkitPPC/lib/gcc/powerpc-gekko/4.2.4/crtbegin.o
 .rela.text.kprintf
                0x00000000        0x0 /opt/devkitpro/devkitPPC/lib/gcc/powerpc-gekko/4.2.4/crtbegin.o
 .rela.text.__card_readcid
                0x00000000        0x0 /opt/devkitpro/devkitPPC/lib/gcc/powerpc-gekko/4.2.4/crtbegin.o
 .rela.text.__card_readcsd
                0x00000000        0x0 /opt/devkitpro/devkitPPC/lib/gcc/powerpc-gekko/4.2.4/crtbegin.o
 .rela.text.__card_sd_status
                0x00000000        0x0 /opt/devkitpro/devkitPPC/lib/gcc/powerpc-gekko/4.2.4/crtbegin.o
 .rela.text.sdgecko_initIO
                0x00000000        0x0 /opt/devkitpro/devkitPPC/lib/gcc/powerpc-gekko/4.2.4/crtbegin.o
 .rela.text.sdgecko_eraseWholeBlock
                0x00000000        0x0 /opt/devkitpro/devkitPPC/lib/gcc/powerpc-gekko/4.2.4/crtbegin.o
 .rela.text.sdgecko_erasePartialBlock
                0x00000000        0x0 /opt/devkitpro/devkitPPC/lib/gcc/powerpc-gekko/4.2.4/crtbegin.o
 .rela.text.CON_EnableGecko
                0x00000000        0x0 /opt/devkitpro/devkitPPC/lib/gcc/powerpc-gekko/4.2.4/crtbegin.o
 .rela.text.__console_init
                0x00000000        0x0 /opt/devkitpro/devkitPPC/lib/gcc/powerpc-gekko/4.2.4/crtbegin.o
 .rela.text.__console_init_ex
                0x00000000        0x0 /opt/devkitpro/devkitPPC/lib/gcc/powerpc-gekko/4.2.4/crtbegin.o

.rel.fini
 *(.rel.fini)

.rela.fini
 *(.rela.fini)

.rel.rodata
 *(.rel.rodata .rel.rodata.* .rel.gnu.linkonce.r.*)

.rela.rodata    0x80004208        0x0
 *(.rela.rodata .rela.rodata.* .rela.gnu.linkonce.r.*)
 .rela.rodata.dotab_fat
                0x00000000        0x0 /opt/devkitpro/devkitPPC/lib/gcc/powerpc-gekko/4.2.4/crtbegin.o

.rel.data
 *(.rel.data .rel.data.* .rel.gnu.linkonce.d.*)

.rela.data
 *(.rela.data .rela.data.* .rela.gnu.linkonce.d.*)

.rel.tdata
 *(.rel.tdata .rel.tdata.* .rel.gnu.linkonce.td.*)

.rela.tdata
 *(.rela.tdata .rela.tdata.* .rela.gnu.linkonce.td.*)

.rel.tbss
 *(.rel.tbss .rel.tbss.* .rel.gnu.linkonce.tb.*)

.rela.tbss
 *(.rela.tbss .rela.tbss.* .rela.gnu.linkonce.tb.*)

.rel.ctors
 *(.rel.ctors)

.rela.ctors
 *(.rela.ctors)

.rel.dtors
 *(.rel.dtors)

.rela.dtors
 *(.rela.dtors)

.rel.got
 *(.rel.got)

.rela.got
 *(.rela.got)

.rela.got1
 *(.rela.got1)

.rela.got2      0x80004208        0x0
 *(.rela.got2)
 .rela.got2     0x00000000        0x0 /opt/devkitpro/devkitPPC/lib/gcc/powerpc-gekko/4.2.4/crtbegin.o

.rel.sdata
 *(.rel.sdata .rel.sdata.* .rel.gnu.linkonce.s.*)

.rela.sdata
 *(.rela.sdata .rela.sdata.* .rela.gnu.linkonce.s.*)

.rel.sbss
 *(.rel.sbss .rel.sbss.* .rel.gnu.linkonce.sb.*)

.rela.sbss
 *(.rela.sbss .rela.sbss.* .rel.gnu.linkonce.sb.*)

.rel.sdata2
 *(.rel.sdata2 .rel.sdata2.* .rel.gnu.linkonce.s2.*)

.rela.sdata2    0x80004208        0x0
 *(.rela.sdata2 .rela.sdata2.* .rela.gnu.linkonce.s2.*)
 .rela.sdata2.__sys_inIPL
                0x00000000        0x0 /opt/devkitpro/devkitPPC/lib/gcc/powerpc-gekko/4.2.4/crtbegin.o
 .rela.sdata2._gx
                0x00000000        0x0 /opt/devkitpro/devkitPPC/lib/gcc/powerpc-gekko/4.2.4/crtbegin.o

.rel.sbss2
 *(.rel.sbss2 .rel.sbss2.* .rel.gnu.linkonce.sb2.*)

.rela.sbss2
 *(.rela.sbss2 .rela.sbss2.* .rela.gnu.linkonce.sb2.*)

.rel.bss
 *(.rel.bss .rel.bss.* .rel.gnu.linkonce.b.*)

.rela.bss
 *(.rela.bss .rela.bss.* .rela.gnu.linkonce.b.*)

.rel.plt
 *(.rel.plt)

.rela.plt
 *(.rela.plt)

.text           0x80004220    0x5e960
 *(.text)
 .text          0x80004220      0x140 /opt/devkitpro/devkitPPC/lib/gcc/powerpc-gekko/4.2.4/crtbegin.o
 .text          0x80004360       0x48 /opt/devkitpro/devkitPPC/lib/gcc/powerpc-gekko/4.2.4/../../../../powerpc-gekko/lib/crtmain.o
                0x80004364                __crtmain
 *fill*         0x800043a8       0x18 00000000
 .text          0x800043c0      0x4ec /opt/devkitpro/libogc/lib/wii/libogc.a(lwp_handler.o)
                0x80004500                _cpu_context_restore_fp
                0x800047c0                _cpu_context_save
                0x800043c0                _cpu_context_save_fp
                0x80004640                _cpu_context_switch
                0x80004840                _cpu_context_restore
 .text          0x800048ac      0x4d8 /opt/devkitpro/libogc/lib/wii/libogc.a(cache_asm.o)
                0x80004b88                L2Disable
                0x80004910                DCBlockZero
                0x800049c8                DCFlushRangeNoSync
                0x80004b1c                ICBlockInvalidate
                0x800048ac                DCFlashInvalidate
                0x80004918                DCBlockStore
                0x80004a28                DCZeroRange
                0x80004d3c                LCLoadBlocks
                0x80004908                DCTouchLoad
                0x80004cfc                LCAllocTags
                0x80004ae4                ICDisable
                0x80004ad0                ICEnable
                0x80004ba0                L2GlobalInvalidate
                0x80004d60                LCStoreBlocks
                0x80004ac0                ICFlashInvalidate
                0x80004a58                DCTouchRange
                0x800049f8                DCStoreRangeNoSync
                0x80004af8                ICFreeze
                0x800048d0                DCDisable
                0x80004920                DCBlockFlush
                0x800048bc                DCEnable
                0x80004b74                L2Enable
                0x80004bf8                __LCEnable
                0x80004930                DCInvalidateRange
                0x80004ce8                LCAllocOneTag
                0x800048f8                DCUnfreeze
                0x80004a88                ICInvalidateRange
                0x80004960                DCFlushRange
                0x80004b24                ICSync
                0x80004928                DCBlockInvalidate
                0x800048e4                DCFreeze
                0x80004b2c                L2Init
                0x80004b0c                ICUnfreeze
                0x80004994                DCStoreRange
                0x80004cc0                LCDisable
 .text          0x80004d84      0x5c4 /opt/devkitpro/libogc/lib/wii/libogc.a(system_asm.o)
                0x80004e1c                __configMEM1_48Mb
                0x800052a8                __reset
                0x80004d84                __realmode
                0x8000518c                __CacheInit
                0x80004f7c                __configMEM2_64Mb
                0x800051f0                __SystemInit
                0x800050d8                __configMEM2_128Mb
                0x80004d9c                __configMEM1_24Mb
                0x80005154                __PSInit
                0x80004e9c                __configMEM2_56Mb
                0x80004ff8                __configMEM2_112Mb
                0x80005274                __flush_cache
                0x80005318                SYS_SwitchFiber
 .text          0x80005348      0x944 /opt/devkitpro/libogc/lib/wii/libogc.a(gu_psasm.o)
                0x80005348                ps_guMtxConcat
                0x80005c30                ps_guQuatNormalize
                0x80005924                ps_guMtxReflect
                0x80005a00                ps_guVecNormalize
                0x80005a88                ps_guVecDotProduct
                0x8000585c                __ps_guMtxRotAxisRadInternal
                0x800055cc                ps_guMtxInvXpos
                0x80005aa8                ps_guVecMultiply
                0x80005c10                ps_guQuatDotProduct
                0x80005a4c                ps_guVecCross
                0x80005b74                ps_guQuatSub
                0x80005b50                ps_guQuatAdd
                0x80005afc                ps_guVecMultiplySR
                0x80005414                ps_guMtxIdentity
                0x800057a4                ps_guMtxRotTrig
                0x8000599c                ps_guVecAdd
                0x800059e4                ps_guVecScale
                0x80005694                ps_guMtxScale
                0x80005448                ps_guMtxCopy
                0x800056c4                ps_guMtxScaleApply
                0x80005b98                ps_guQuatMultiply
                0x8000547c                ps_guMtxTranspose
                0x800054d4                ps_guMtxInverse
                0x8000571c                ps_guMtxTrans
                0x80005758                ps_guMtxTransApply
                0x800059c0                ps_guVecSub
 .text          0x80005c8c      0x1b0 /opt/devkitpro/libogc/lib/wii/libogc.a(irq_handler.o)
                0x80005c8c                irq_exceptionhandler
 .text          0x80005e3c      0x1b0 /opt/devkitpro/libogc/lib/wii/libogc.a(decrementer_handler.o)
                0x80005e3c                dec_exceptionhandler
 .text          0x80005fec      0x34c /opt/devkitpro/libogc/lib/wii/libogc.a(exception_handler.o)
                0x80005fec                exceptionhandler_start
                0x800060a0                default_exceptionhandler
                0x80006334                systemcallhandler_end
                0x80006318                systemcallhandler_start
                0x8000609c                exceptionhandler_end
                0x80006068                exceptionhandler_patch
                0x800061e0                fpu_exceptionhandler
 .text          0x80006338       0x34 /opt/devkitpro/devkitPPC/lib/gcc/powerpc-gekko/4.2.4/../../../../powerpc-gekko/lib/libm.a(lib_a-s_atan2.o)
                0x80006338                atan2
 .text          0x8000636c      0x284 /opt/devkitpro/devkitPPC/lib/gcc/powerpc-gekko/4.2.4/../../../../powerpc-gekko/lib/libm.a(lib_a-s_atangent.o)
                0x8000636c                atangent
 .text          0x800065f0       0x24 /opt/devkitpro/devkitPPC/lib/gcc/powerpc-gekko/4.2.4/../../../../powerpc-gekko/lib/libm.a(lib_a-s_cos.o)
                0x800065f0                cos
 .text          0x80006614       0xb4 /opt/devkitpro/devkitPPC/lib/gcc/powerpc-gekko/4.2.4/../../../../powerpc-gekko/lib/libm.a(lib_a-s_fabs.o)
                0x80006614                fabs
 .text          0x800066c8       0xb4 /opt/devkitpro/devkitPPC/lib/gcc/powerpc-gekko/4.2.4/../../../../powerpc-gekko/lib/libm.a(lib_a-s_frexp.o)
                0x800066c8                frexp
 .text          0x8000677c       0x50 /opt/devkitpro/devkitPPC/lib/gcc/powerpc-gekko/4.2.4/../../../../powerpc-gekko/lib/libm.a(lib_a-s_numtest.o)
                0x8000677c                numtest
 .text          0x800067cc      0x290 /opt/devkitpro/devkitPPC/lib/gcc/powerpc-gekko/4.2.4/../../../../powerpc-gekko/lib/libm.a(lib_a-s_pow.o)
                0x800067cc                pow
 .text          0x80006a5c       0x24 /opt/devkitpro/devkitPPC/lib/gcc/powerpc-gekko/4.2.4/../../../../powerpc-gekko/lib/libm.a(lib_a-s_sin.o)
                0x80006a5c                sin
 .text          0x80006a80      0x2c4 /opt/devkitpro/devkitPPC/lib/gcc/powerpc-gekko/4.2.4/../../../../powerpc-gekko/lib/libm.a(lib_a-s_sine.o)
                0x80006a80                sine
 .text          0x80006d44      0x184 /opt/devkitpro/devkitPPC/lib/gcc/powerpc-gekko/4.2.4/../../../../powerpc-gekko/lib/libm.a(lib_a-s_sqrt.o)
                0x80006d44                sqrt
 .text          0x80006ec8       0xc8 /opt/devkitpro/devkitPPC/lib/gcc/powerpc-gekko/4.2.4/../../../../powerpc-gekko/lib/libm.a(lib_a-sf_atan.o)
                0x80006ec8                atanf
 .text          0x80006f90       0x38 /opt/devkitpro/devkitPPC/lib/gcc/powerpc-gekko/4.2.4/../../../../powerpc-gekko/lib/libm.a(lib_a-sf_atan2.o)
                0x80006f90                atan2f
 .text          0x80006fc8      0x250 /opt/devkitpro/devkitPPC/lib/gcc/powerpc-gekko/4.2.4/../../../../powerpc-gekko/lib/libm.a(lib_a-sf_atangent.o)
                0x80006fc8                atangentf
 .text          0x80007218       0x24 /opt/devkitpro/devkitPPC/lib/gcc/powerpc-gekko/4.2.4/../../../../powerpc-gekko/lib/libm.a(lib_a-sf_cos.o)
                0x80007218                cosf
 .text          0x8000723c       0xb4 /opt/devkitpro/devkitPPC/lib/gcc/powerpc-gekko/4.2.4/../../../../powerpc-gekko/lib/libm.a(lib_a-sf_fabs.o)
                0x8000723c                fabsf
 .text          0x800072f0       0xa8 /opt/devkitpro/devkitPPC/lib/gcc/powerpc-gekko/4.2.4/../../../../powerpc-gekko/lib/libm.a(lib_a-sf_fpclassify.o)
                0x800072f0                __fpclassifyf
 .text          0x80007398       0x90 /opt/devkitpro/devkitPPC/lib/gcc/powerpc-gekko/4.2.4/../../../../powerpc-gekko/lib/libm.a(lib_a-sf_frexp.o)
                0x80007398                frexpf
 .text          0x80007428       0x24 /opt/devkitpro/devkitPPC/lib/gcc/powerpc-gekko/4.2.4/../../../../powerpc-gekko/lib/libm.a(lib_a-sf_isinff.o)
                0x80007428                __isinff
 .text          0x8000744c       0x28 /opt/devkitpro/devkitPPC/lib/gcc/powerpc-gekko/4.2.4/../../../../powerpc-gekko/lib/libm.a(lib_a-sf_isnanf.o)
                0x8000744c                __isnanf
 .text          0x80007474       0x48 /opt/devkitpro/devkitPPC/lib/gcc/powerpc-gekko/4.2.4/../../../../powerpc-gekko/lib/libm.a(lib_a-sf_numtest.o)
                0x80007474                numtestf
 .text          0x800074bc       0x24 /opt/devkitpro/devkitPPC/lib/gcc/powerpc-gekko/4.2.4/../../../../powerpc-gekko/lib/libm.a(lib_a-sf_sin.o)
                0x800074bc                sinf
 .text          0x800074e0      0x2b8 /opt/devkitpro/devkitPPC/lib/gcc/powerpc-gekko/4.2.4/../../../../powerpc-gekko/lib/libm.a(lib_a-sf_sine.o)
                0x800074e0                sinef
 .text          0x80007798      0x190 /opt/devkitpro/devkitPPC/lib/gcc/powerpc-gekko/4.2.4/../../../../powerpc-gekko/lib/libm.a(lib_a-sf_sqrt.o)
                0x80007798                sqrtf
 .text          0x80007928      0x218 /opt/devkitpro/devkitPPC/lib/gcc/powerpc-gekko/4.2.4/../../../../powerpc-gekko/lib/libm.a(lib_a-s_exp.o)
                0x80007928                exp
 .text          0x80007b40       0x1c /opt/devkitpro/devkitPPC/lib/gcc/powerpc-gekko/4.2.4/../../../../powerpc-gekko/lib/libm.a(lib_a-s_ispos.o)
                0x80007b40                ispos
 .text          0x80007b5c      0x154 /opt/devkitpro/devkitPPC/lib/gcc/powerpc-gekko/4.2.4/../../../../powerpc-gekko/lib/libm.a(lib_a-s_ldexp.o)
                0x80007b5c                ldexp
 .text          0x80007cb0       0x24 /opt/devkitpro/devkitPPC/lib/gcc/powerpc-gekko/4.2.4/../../../../powerpc-gekko/lib/libm.a(lib_a-s_log.o)
                0x80007cb0                log
 .text          0x80007cd4      0x200 /opt/devkitpro/devkitPPC/lib/gcc/powerpc-gekko/4.2.4/../../../../powerpc-gekko/lib/libm.a(lib_a-s_logarithm.o)
                0x80007cd4                logarithm
 .text          0x80007ed4      0x244 /opt/devkitpro/devkitPPC/lib/gcc/powerpc-gekko/4.2.4/../../../../powerpc-gekko/lib/libm.a(lib_a-s_modf.o)
                0x80007ed4                modf
 .text          0x80008118       0x1c /opt/devkitpro/devkitPPC/lib/gcc/powerpc-gekko/4.2.4/../../../../powerpc-gekko/lib/libm.a(lib_a-sf_ispos.o)
                0x80008118                isposf
 .text          0x80008134      0x14c /opt/devkitpro/devkitPPC/lib/gcc/powerpc-gekko/4.2.4/../../../../powerpc-gekko/lib/libm.a(lib_a-sf_ldexp.o)
                0x80008134                ldexpf
 .text          0x80008280       0xc8 /opt/devkitpro/devkitPPC/lib/gcc/powerpc-gekko/4.2.4/../../../../powerpc-gekko/lib/libm.a(lib_a-s_fpclassify.o)
                0x80008280                __fpclassifyd
 .text          0x80008348       0x38 /opt/devkitpro/devkitPPC/lib/gcc/powerpc-gekko/4.2.4/../../../../powerpc-gekko/lib/libm.a(lib_a-s_isnand.o)
                0x80008348                __isnand
 .text          0x80008380      0x408 /opt/devkitpro/devkitPPC/lib/gcc/powerpc-gekko/4.2.4/libgcc.a(_udivdi3.o)
                0x80008380                __udivdi3
 .text          0x80008788       0x28 /opt/devkitpro/devkitPPC/lib/gcc/powerpc-gekko/4.2.4/../../../../powerpc-gekko/lib/libsysbase.a(abort.o)
                0x80008788                abort
 .text          0x800087b0      0x2c4 /opt/devkitpro/devkitPPC/lib/gcc/powerpc-gekko/4.2.4/../../../../powerpc-gekko/lib/libsysbase.a(iosupport.o)
                0x80008a24                RemoveDevice
                0x800087b0                setDefaultDevice
                0x800087c8                AddDevice
                0x800089e0                GetDeviceOpTab
                0x800088f0                FindDevice
 .text          0x80008a74       0x28 /opt/devkitpro/devkitPPC/lib/gcc/powerpc-gekko/4.2.4/../../../../powerpc-gekko/lib/libsysbase.a(_exit.o)
                0x80008a74                _exit
 .text          0x80008a9c      0x510 /opt/devkitpro/devkitPPC/lib/gcc/powerpc-gekko/4.2.4/../../../../powerpc-gekko/lib/libsysbase.a(chdir.o)
                0x80008e24                chdir
                0x80008a9c                getcwd
                0x80008b80                _concatenate_path
 .text          0x80008fac       0x9c /opt/devkitpro/devkitPPC/lib/gcc/powerpc-gekko/4.2.4/../../../../powerpc-gekko/lib/libsysbase.a(build_argv.o)
                0x80008fac                build_argv
 .text          0x80009048      0x168 /opt/devkitpro/devkitPPC/lib/gcc/powerpc-gekko/4.2.4/../../../../powerpc-gekko/lib/libsysbase.a(syscall_support.o)
                0x8000917c                __malloc_unlock
                0x800090c8                __libc_lock_release
                0x80009048                __libc_lock_init
                0x80009148                __malloc_lock
                0x80009088                __libc_lock_close
                0x80009108                __libc_lock_acquire
 .text          0x800091b0       0x34 /opt/devkitpro/devkitPPC/lib/gcc/powerpc-gekko/4.2.4/../../../../powerpc-gekko/lib/libc.a(lib_a-calloc.o)
                0x800091b0                calloc
 .text          0x800091e4       0xd0 /opt/devkitpro/devkitPPC/lib/gcc/powerpc-gekko/4.2.4/../../../../powerpc-gekko/lib/libc.a(lib_a-callocr.o)
                0x800091e4                _calloc_r
 .text          0x800092b4        0xc /opt/devkitpro/devkitPPC/lib/gcc/powerpc-gekko/4.2.4/../../../../powerpc-gekko/lib/libc.a(lib_a-errno.o)
                0x800092b4                __errno
 .text          0x800092c0       0x40 /opt/devkitpro/devkitPPC/lib/gcc/powerpc-gekko/4.2.4/../../../../powerpc-gekko/lib/libc.a(lib_a-exit.o)
                0x800092c0                exit
 .text          0x80009300      0x188 /opt/devkitpro/devkitPPC/lib/gcc/powerpc-gekko/4.2.4/../../../../powerpc-gekko/lib/libc.a(lib_a-fclose.o)
                0x80009300                _fclose_r
                0x80009478                fclose
 .text          0x80009488      0x350 /opt/devkitpro/devkitPPC/lib/gcc/powerpc-gekko/4.2.4/../../../../powerpc-gekko/lib/libc.a(lib_a-fflush.o)
                0x80009788                fflush
                0x80009488                _fflush_r
 .text          0x800097d8      0x4ac /opt/devkitpro/devkitPPC/lib/gcc/powerpc-gekko/4.2.4/../../../../powerpc-gekko/lib/libc.a(lib_a-findfp.o)
                0x800099c4                __sinit
                0x80009ae4                __sfmoreglue
                0x80009800                _cleanup
                0x800097d8                _cleanup_r
                0x80009ab0                __fp_lock_all
                0x80009a60                __sfp_lock_acquire
                0x80009b5c                __sfp
                0x8000986c                __sinit_lock_release
                0x800098c0                __fp_unlock_all
                0x80009894                __sfp_lock_release
                0x80009978                __sinit_lock_acquire
 .text          0x80009c84      0x154 /opt/devkitpro/devkitPPC/lib/gcc/powerpc-gekko/4.2.4/../../../../powerpc-gekko/lib/libc.a(lib_a-fopen.o)
                0x80009dc0                fopen
                0x80009c84                _fopen_r
 .text          0x80009dd8      0x110 /opt/devkitpro/devkitPPC/lib/gcc/powerpc-gekko/4.2.4/../../../../powerpc-gekko/lib/libc.a(lib_a-fprintf.o)
                0x80009dd8                fprintf
                0x80009e6c                _fprintf_r
 .text          0x80009ee8      0x3c0 /opt/devkitpro/devkitPPC/lib/gcc/powerpc-gekko/4.2.4/../../../../powerpc-gekko/lib/libc.a(lib_a-fread.o)
                0x8000a280                fread
                0x80009ee8                _fread_r
 .text          0x8000a2a8      0x3f8 /opt/devkitpro/devkitPPC/lib/gcc/powerpc-gekko/4.2.4/../../../../powerpc-gekko/lib/libc.a(lib_a-freer.o)
                0x8000a3c4                _free_r
                0x8000a2a8                _malloc_trim_r
 .text          0x8000a6a0      0x704 /opt/devkitpro/devkitPPC/lib/gcc/powerpc-gekko/4.2.4/../../../../powerpc-gekko/lib/libc.a(lib_a-fseek.o)
                0x8000ad84                fseek
                0x8000a6a0                _fseek_r
 .text          0x8000ada4      0x20c /opt/devkitpro/devkitPPC/lib/gcc/powerpc-gekko/4.2.4/../../../../powerpc-gekko/lib/libc.a(lib_a-fwalk.o)
                0x8000aeb0                _fwalk
                0x8000ada4                _fwalk_reent
 .text          0x8000afb0      0x17c /opt/devkitpro/devkitPPC/lib/gcc/powerpc-gekko/4.2.4/../../../../powerpc-gekko/lib/libc.a(lib_a-fwrite.o)
                0x8000afb0                _fwrite_r
                0x8000b104                fwrite
 .text          0x8000b12c       0x24 /opt/devkitpro/devkitPPC/lib/gcc/powerpc-gekko/4.2.4/../../../../powerpc-gekko/lib/libc.a(lib_a-lcltime_r.o)
                0x8000b12c                localtime_r
 .text          0x8000b150      0x4c4 /opt/devkitpro/devkitPPC/lib/gcc/powerpc-gekko/4.2.4/../../../../powerpc-gekko/lib/libc.a(lib_a-locale.o)
                0x8000b174                _setlocale_r
                0x8000b150                __locale_charset
                0x8000b15c                _localeconv_r
                0x8000b5fc                setlocale
                0x8000b168                localeconv
 .text          0x8000b614      0x1bc /opt/devkitpro/devkitPPC/lib/gcc/powerpc-gekko/4.2.4/../../../../powerpc-gekko/lib/libc.a(lib_a-makebuf.o)
                0x8000b614                __smakebuf_r
 .text          0x8000b7d0       0x34 /opt/devkitpro/devkitPPC/lib/gcc/powerpc-gekko/4.2.4/../../../../powerpc-gekko/lib/libc.a(lib_a-malign.o)
                0x8000b7d0                memalign
 .text          0x8000b804      0x1b0 /opt/devkitpro/devkitPPC/lib/gcc/powerpc-gekko/4.2.4/../../../../powerpc-gekko/lib/libc.a(lib_a-malignr.o)
                0x8000b804                _memalign_r
 .text          0x8000b9b4       0x58 /opt/devkitpro/devkitPPC/lib/gcc/powerpc-gekko/4.2.4/../../../../powerpc-gekko/lib/libc.a(lib_a-malloc.o)
                0x8000b9e0                malloc
                0x8000b9b4                free
 .text          0x8000ba0c      0x86c /opt/devkitpro/devkitPPC/lib/gcc/powerpc-gekko/4.2.4/../../../../powerpc-gekko/lib/libc.a(lib_a-mallocr.o)
                0x8000ba0c                _malloc_r
 .text          0x8000c278       0xb4 /opt/devkitpro/devkitPPC/lib/gcc/powerpc-gekko/4.2.4/../../../../powerpc-gekko/lib/libc.a(lib_a-mbrtowc.o)
                0x8000c304                mbrtowc
                0x8000c278                _mbrtowc_r
 .text          0x8000c32c      0x1d4 /opt/devkitpro/devkitPPC/lib/gcc/powerpc-gekko/4.2.4/../../../../powerpc-gekko/lib/libc.a(lib_a-mbsrtowcs.o)
                0x8000c4d8                mbsrtowcs
                0x8000c32c                _mbsrtowcs_r
 .text          0x8000c500      0x9a8 /opt/devkitpro/devkitPPC/lib/gcc/powerpc-gekko/4.2.4/../../../../powerpc-gekko/lib/libc.a(lib_a-mbtowc_r.o)
                0x8000c500                _mbtowc_r
 .text          0x8000cea8       0x8c /opt/devkitpro/devkitPPC/lib/gcc/powerpc-gekko/4.2.4/../../../../powerpc-gekko/lib/libc.a(lib_a-memcmp.o)
                0x8000cea8                memcmp
 .text          0x8000cf34       0xc8 /opt/devkitpro/devkitPPC/lib/gcc/powerpc-gekko/4.2.4/../../../../powerpc-gekko/lib/libc.a(lib_a-memcpy.o)
                0x8000cf34                memcpy
 .text          0x8000cffc      0x104 /opt/devkitpro/devkitPPC/lib/gcc/powerpc-gekko/4.2.4/../../../../powerpc-gekko/lib/libc.a(lib_a-memmove.o)
                0x8000cffc                memmove
 .text          0x8000d100       0xac /opt/devkitpro/devkitPPC/lib/gcc/powerpc-gekko/4.2.4/../../../../powerpc-gekko/lib/libc.a(lib_a-memset.o)
                0x8000d100                memset
 .text          0x8000d1ac      0x72c /opt/devkitpro/devkitPPC/lib/gcc/powerpc-gekko/4.2.4/../../../../powerpc-gekko/lib/libc.a(lib_a-mktime.o)
                0x8000d4fc                mktime
 .text          0x8000d8d8      0x870 /opt/devkitpro/devkitPPC/lib/gcc/powerpc-gekko/4.2.4/../../../../powerpc-gekko/lib/libc.a(lib_a-mktm_r.o)
                0x8000d8d8                __tzcalc_limits
                0x8000db4c                _mktm_r
 .text          0x8000e148      0x124 /opt/devkitpro/devkitPPC/lib/gcc/powerpc-gekko/4.2.4/../../../../powerpc-gekko/lib/libc.a(lib_a-printf.o)
                0x8000e148                printf
                0x8000e1e0                _printf_r
 .text          0x8000e26c       0xa8 /opt/devkitpro/devkitPPC/lib/gcc/powerpc-gekko/4.2.4/../../../../powerpc-gekko/lib/libc.a(lib_a-puts.o)
                0x8000e26c                _puts_r
                0x8000e304                puts
 .text          0x8000e314      0x248 /opt/devkitpro/devkitPPC/lib/gcc/powerpc-gekko/4.2.4/../../../../powerpc-gekko/lib/libc.a(lib_a-reent.o)
                0x8000e3d4                cleanup_glue
                0x8000e424                _reclaim_reent
                0x8000e314                _wrapup_reent
 .text          0x8000e55c      0x248 /opt/devkitpro/devkitPPC/lib/gcc/powerpc-gekko/4.2.4/../../../../powerpc-gekko/lib/libc.a(lib_a-refill.o)
                0x8000e55c                __srefill_r
 .text          0x8000e7a4      0x180 /opt/devkitpro/devkitPPC/lib/gcc/powerpc-gekko/4.2.4/../../../../powerpc-gekko/lib/libc.a(lib_a-setjmp.o)
                0x8000e860                longjmp
                0x8000e7a4                setjmp
 .text          0x8000e924      0x2cc /opt/devkitpro/devkitPPC/lib/gcc/powerpc-gekko/4.2.4/../../../../powerpc-gekko/lib/libc.a(lib_a-setvbuf.o)
                0x8000e924                setvbuf
 .text          0x8000ebf0      0x230 /opt/devkitpro/devkitPPC/lib/gcc/powerpc-gekko/4.2.4/../../../../powerpc-gekko/lib/libc.a(lib_a-snprintf.o)
                0x8000ebf0                snprintf
                0x8000ed08                _snprintf_r
 .text          0x8000ee20      0x184 /opt/devkitpro/devkitPPC/lib/gcc/powerpc-gekko/4.2.4/../../../../powerpc-gekko/lib/libc.a(lib_a-stdio.o)
                0x8000ee44                __sseek
                0x8000ef40                __sread
                0x8000ee20                __sclose
                0x8000eeb4                __swrite
 .text          0x8000efa4       0xf0 /opt/devkitpro/devkitPPC/lib/gcc/powerpc-gekko/4.2.4/../../../../powerpc-gekko/lib/libc.a(lib_a-strchr.o)
                0x8000efa4                strchr
 .text          0x8000f094       0xc0 /opt/devkitpro/devkitPPC/lib/gcc/powerpc-gekko/4.2.4/../../../../powerpc-gekko/lib/libc.a(lib_a-strcmp.o)
                0x8000f094                strcmp
 .text          0x8000f154       0x74 /opt/devkitpro/devkitPPC/lib/gcc/powerpc-gekko/4.2.4/../../../../powerpc-gekko/lib/libc.a(lib_a-strcpy.o)
                0x8000f154                strcpy
 .text          0x8000f1c8       0x64 /opt/devkitpro/devkitPPC/lib/gcc/powerpc-gekko/4.2.4/../../../../powerpc-gekko/lib/libc.a(lib_a-strlen.o)
                0x8000f1c8                strlen
 .text          0x8000f22c       0xc0 /opt/devkitpro/devkitPPC/lib/gcc/powerpc-gekko/4.2.4/../../../../powerpc-gekko/lib/libc.a(lib_a-strncasecmp.o)
                0x8000f22c                strncasecmp
 .text          0x8000f2ec      0x144 /opt/devkitpro/devkitPPC/lib/gcc/powerpc-gekko/4.2.4/../../../../powerpc-gekko/lib/libc.a(lib_a-strncmp.o)
                0x8000f2ec                strncmp
 .text          0x8000f430       0xdc /opt/devkitpro/devkitPPC/lib/gcc/powerpc-gekko/4.2.4/../../../../powerpc-gekko/lib/libc.a(lib_a-strncpy.o)
                0x8000f430                strncpy
 .text          0x8000f50c       0x44 /opt/devkitpro/devkitPPC/lib/gcc/powerpc-gekko/4.2.4/../../../../powerpc-gekko/lib/libc.a(lib_a-strnlen.o)
                0x8000f50c                strnlen
 .text          0x8000f550       0x50 /opt/devkitpro/devkitPPC/lib/gcc/powerpc-gekko/4.2.4/../../../../powerpc-gekko/lib/libc.a(lib_a-strpbrk.o)
                0x8000f550                strpbrk
 .text          0x8000f5a0       0x84 /opt/devkitpro/devkitPPC/lib/gcc/powerpc-gekko/4.2.4/../../../../powerpc-gekko/lib/libc.a(lib_a-strrchr.o)
                0x8000f5a0                strrchr
 .text          0x8000f624     0x135c /opt/devkitpro/devkitPPC/lib/gcc/powerpc-gekko/4.2.4/../../../../powerpc-gekko/lib/libc.a(lib_a-strtod.o)
                0x8000f670                _strtod_r
                0x80010968                strtod
                0x800108fc                strtof
 .text          0x80010980      0x1ec /opt/devkitpro/devkitPPC/lib/gcc/powerpc-gekko/4.2.4/../../../../powerpc-gekko/lib/libc.a(lib_a-strtoul.o)
                0x80010b4c                strtoul
                0x80010980                _strtoul_r
 .text          0x80010b6c      0x288 /opt/devkitpro/devkitPPC/lib/gcc/powerpc-gekko/4.2.4/../../../../powerpc-gekko/lib/libc.a(lib_a-strtoull_r.o)
                0x80010b6c                _strtoull_r
 .text          0x80010df4       0x3c /opt/devkitpro/devkitPPC/lib/gcc/powerpc-gekko/4.2.4/../../../../powerpc-gekko/lib/libc.a(lib_a-syswrite.o)
                0x80010df4                write
 .text          0x80010e30      0x720 /opt/devkitpro/devkitPPC/lib/gcc/powerpc-gekko/4.2.4/../../../../powerpc-gekko/lib/libc.a(lib_a-towlower.o)
                0x80010e30                towlower
 .text          0x80011550      0x700 /opt/devkitpro/devkitPPC/lib/gcc/powerpc-gekko/4.2.4/../../../../powerpc-gekko/lib/libc.a(lib_a-towupper.o)
                0x80011550                towupper
 .text          0x80011c50       0x74 /opt/devkitpro/devkitPPC/lib/gcc/powerpc-gekko/4.2.4/../../../../powerpc-gekko/lib/libc.a(lib_a-tzlock.o)
                0x80011c50                __tz_unlock
                0x80011c78                __tz_lock
 .text          0x80011cc4     0x2344 /opt/devkitpro/devkitPPC/lib/gcc/powerpc-gekko/4.2.4/../../../../powerpc-gekko/lib/libc.a(lib_a-vfprintf.o)
                0x80011d24                _vfprintf_r
                0x80013fe8                vfprintf
 .text          0x80014008       0x7c /opt/devkitpro/devkitPPC/lib/gcc/powerpc-gekko/4.2.4/../../../../powerpc-gekko/lib/libc.a(lib_a-vsprintf.o)
                0x80014064                vsprintf
                0x80014008                _vsprintf_r
 .text          0x80014084       0xa4 /opt/devkitpro/devkitPPC/lib/gcc/powerpc-gekko/4.2.4/../../../../powerpc-gekko/lib/libc.a(lib_a-wcrtomb.o)
                0x80014084                _wcrtomb_r
                0x80014108                wcrtomb
 .text          0x80014128      0x1d8 /opt/devkitpro/devkitPPC/lib/gcc/powerpc-gekko/4.2.4/../../../../powerpc-gekko/lib/libc.a(lib_a-wcsrtombs.o)
                0x80014128                _wcsrtombs_r
                0x800142d8                wcsrtombs
 .text          0x80014300       0x78 /opt/devkitpro/devkitPPC/lib/gcc/powerpc-gekko/4.2.4/../../../../powerpc-gekko/lib/libc.a(lib_a-wctob.o)
                0x80014300                wctob
 .text          0x80014378      0x464 /opt/devkitpro/devkitPPC/lib/gcc/powerpc-gekko/4.2.4/../../../../powerpc-gekko/lib/libc.a(lib_a-wctomb_r.o)
                0x80014378                _wctomb_r
 .text          0x800147dc      0x178 /opt/devkitpro/devkitPPC/lib/gcc/powerpc-gekko/4.2.4/../../../../powerpc-gekko/lib/libc.a(lib_a-wsetup.o)
                0x800147dc                __swsetup_r
 .text          0x80014954      0x1ac /opt/devkitpro/devkitPPC/lib/gcc/powerpc-gekko/4.2.4/../../../../powerpc-gekko/lib/libc.a(lib_a-__call_atexit.o)
                0x80014954                __call_exitprocs
 .text          0x80014b00       0x54 /opt/devkitpro/devkitPPC/lib/gcc/powerpc-gekko/4.2.4/../../../../powerpc-gekko/lib/libc.a(lib_a-div.o)
                0x80014b00                div
 .text          0x80014b54     0x1390 /opt/devkitpro/devkitPPC/lib/gcc/powerpc-gekko/4.2.4/../../../../powerpc-gekko/lib/libc.a(lib_a-dtoa.o)
                0x80014d90                _dtoa_r
 .text          0x80015ee4       0xa4 /opt/devkitpro/devkitPPC/lib/gcc/powerpc-gekko/4.2.4/../../../../powerpc-gekko/lib/libc.a(lib_a-flags.o)
                0x80015ee4                __sflags
 .text          0x80015f88      0x504 /opt/devkitpro/devkitPPC/lib/gcc/powerpc-gekko/4.2.4/../../../../powerpc-gekko/lib/libc.a(lib_a-fvwrite.o)
                0x80015f88                __sfvwrite_r
 .text          0x8001648c      0x918 /opt/devkitpro/devkitPPC/lib/gcc/powerpc-gekko/4.2.4/../../../../powerpc-gekko/lib/libc.a(lib_a-gdtoa-gethex.o)
                0x800164c4                __hexdig_init
                0x80016620                __gethex
 .text          0x80016da4      0x330 /opt/devkitpro/devkitPPC/lib/gcc/powerpc-gekko/4.2.4/../../../../powerpc-gekko/lib/libc.a(lib_a-gdtoa-hexnan.o)
                0x80016dd8                __hexnan
 .text          0x800170d4        0xc /opt/devkitpro/devkitPPC/lib/gcc/powerpc-gekko/4.2.4/../../../../powerpc-gekko/lib/libc.a(lib_a-gettzinfo.o)
                0x800170d4                __gettzinfo
 .text          0x800170e0      0x234 /opt/devkitpro/devkitPPC/lib/gcc/powerpc-gekko/4.2.4/../../../../powerpc-gekko/lib/libc.a(lib_a-jp2uc.o)
                0x800170e0                __jp2uc
 .text          0x80017314       0xf4 /opt/devkitpro/devkitPPC/lib/gcc/powerpc-gekko/4.2.4/../../../../powerpc-gekko/lib/libc.a(lib_a-memchr.o)
                0x80017314                memchr
 .text          0x80017408     0x1114 /opt/devkitpro/devkitPPC/lib/gcc/powerpc-gekko/4.2.4/../../../../powerpc-gekko/lib/libc.a(lib_a-mprec.o)
                0x80017870                _mprec_log10
                0x80017914                __any_on
                0x800179b4                _Balloc
                0x800177ac                __ratio
                0x80018174                __i2b
                0x8001765c                __b2d
                0x800183f4                __s2b
                0x8001755c                __mcmp
                0x8001742c                __hi0bits
                0x800182c8                __pow5mult
                0x80017dd8                __lshift
                0x80017f40                __multiply
                0x80017a84                __d2b
                0x800178ac                __copybits
                0x800175bc                __ulp
                0x80017c2c                __mdiff
                0x80017498                __lo0bits
                0x800181b0                __multadd
                0x80017408                _Bfree
 .text          0x8001851c      0x668 /opt/devkitpro/devkitPPC/lib/gcc/powerpc-gekko/4.2.4/../../../../powerpc-gekko/lib/libc.a(lib_a-reallocr.o)
                0x8001851c                _realloc_r
 .text          0x80018b84       0x44 /opt/devkitpro/devkitPPC/lib/gcc/powerpc-gekko/4.2.4/../../../../powerpc-gekko/lib/libc.a(lib_a-s_isinfd.o)
                0x80018b84                __isinfd
 .text          0x80018bc8       0x18 /opt/devkitpro/devkitPPC/lib/gcc/powerpc-gekko/4.2.4/../../../../powerpc-gekko/lib/libc.a(lib_a-sf_nan.o)
                0x80018bc8                nanf
 .text          0x80018be0       0xa0 /opt/devkitpro/devkitPPC/lib/gcc/powerpc-gekko/4.2.4/../../../../powerpc-gekko/lib/libsysbase.a(close.o)
                0x80018be0                _close_r
 .text          0x80018c80       0xc8 /opt/devkitpro/devkitPPC/lib/gcc/powerpc-gekko/4.2.4/../../../../powerpc-gekko/lib/libsysbase.a(fstat.o)
                0x80018c80                _fstat_r
 .text          0x80018d48        0x8 /opt/devkitpro/devkitPPC/lib/gcc/powerpc-gekko/4.2.4/../../../../powerpc-gekko/lib/libsysbase.a(isatty.o)
                0x80018d48                isatty
 .text          0x80018d50       0xe8 /opt/devkitpro/devkitPPC/lib/gcc/powerpc-gekko/4.2.4/../../../../powerpc-gekko/lib/libsysbase.a(lseek.o)
                0x80018d50                _lseek_r
 .text          0x80018e38      0x14c /opt/devkitpro/devkitPPC/lib/gcc/powerpc-gekko/4.2.4/../../../../powerpc-gekko/lib/libsysbase.a(open.o)
                0x80018e38                _open_r
 .text          0x80018f84       0xcc /opt/devkitpro/devkitPPC/lib/gcc/powerpc-gekko/4.2.4/../../../../powerpc-gekko/lib/libsysbase.a(read.o)
                0x80018f84                _read_r
 .text          0x80019050       0x50 /opt/devkitpro/devkitPPC/lib/gcc/powerpc-gekko/4.2.4/../../../../powerpc-gekko/lib/libsysbase.a(sbrk.o)
                0x80019050                _sbrk_r
 .text          0x800190a0       0xcc /opt/devkitpro/devkitPPC/lib/gcc/powerpc-gekko/4.2.4/../../../../powerpc-gekko/lib/libsysbase.a(write.o)
                0x800190a0                _write_r
 .text          0x8001916c       0x6c /opt/devkitpro/devkitPPC/lib/gcc/powerpc-gekko/4.2.4/../../../../powerpc-gekko/lib/libsysbase.a(flock.o)
                0x80019190                __flockfile
                0x8001916c                __funlockfile
 .text          0x800191d8      0x120 /opt/devkitpro/devkitPPC/lib/gcc/powerpc-gekko/4.2.4/../../../../powerpc-gekko/lib/libsysbase.a(handle_manager.o)
                0x8001929c                __release_handle
                0x80019204                __alloc_handle
                0x800191d8                __get_handle
 .text          0x800192f8      0x450 /opt/devkitpro/devkitPPC/lib/gcc/powerpc-gekko/4.2.4/libgcc.a(_umoddi3.o)
                0x800192f8                __umoddi3
 .text          0x80019748       0x6c /opt/devkitpro/devkitPPC/lib/gcc/powerpc-gekko/4.2.4/crtend.o
 *(.text.*)
 .text.main     0x800197b4      0x378 main.o
                0x800197b4                main
 .text.GRRLIB_InitTileSet
                0x80019b2c       0x28 GRRLIB.o
                0x80019b2c                GRRLIB_InitTileSet
 .text.GRRLIB_Render
                0x80019b54       0x8c GRRLIB.o
                0x80019b54                GRRLIB_Render
 .text.GRRLIB_Start
                0x80019be0      0x2fc GRRLIB.o
                0x80019be0                GRRLIB_Start
 .text.GRRLIB_InitVideo
                0x80019edc       0xb8 GRRLIB.o
                0x80019edc                GRRLIB_InitVideo
 .text.GRRLIB_GXEngine
                0x80019f94       0x90 GRRLIB.o
                0x80019f94                GRRLIB_GXEngine
 .text.GRRLIB_NGoneFilled
                0x8001a024        0x8 GRRLIB.o
                0x8001a024                GRRLIB_NGoneFilled
 .text.GRRLIB_LoadTexture
                0x8001a02c       0xb8 GRRLIB.o
                0x8001a02c                GRRLIB_LoadTexture
 .text.GRRLIB_FillScreen
                0x8001a0e4       0x84 GRRLIB.o
                0x8001a0e4                GRRLIB_FillScreen
 .text.GRRLIB_Printf
                0x8001a168      0x534 GRRLIB.o
                0x8001a168                GRRLIB_Printf
 .text.pngu_read_data_from_buffer
                0x8001a69c       0x68 pngu.o
                0x8001a69c                pngu_read_data_from_buffer
 .text.pngu_free_info
                0x8001a704       0x64 pngu.o
                0x8001a704                pngu_free_info
 .text.PNGU_SelectImageFromBuffer
                0x8001a768       0x74 pngu.o
                0x8001a768                PNGU_SelectImageFromBuffer
 .text.PNGU_ReleaseImageContext
                0x8001a7dc       0x68 pngu.o
                0x8001a7dc                PNGU_ReleaseImageContext
 .text.pngu_info
                0x8001a844      0x508 pngu.o
                0x8001a844                pngu_info
 .text.pngu_decode
                0x8001ad4c      0x254 pngu.o
                0x8001ad4c                pngu_decode
 .text.PNGU_DecodeTo4x4RGBA8
                0x8001afa0      0xc34 pngu.o
                0x8001afa0                PNGU_DecodeTo4x4RGBA8
 .text.PNGU_GetImageProperties
                0x8001bbd4       0x94 pngu.o
                0x8001bbd4                PNGU_GetImageProperties
 .text.png_get_io_ptr
                0x8001bc68       0x18 /home/alonetrio/wii/GRRLib3.0.5a/template/lib/libpng.a(png.o)
                0x8001bc68                png_get_io_ptr
 .text.png_init_io
                0x8001bc80       0x10 /home/alonetrio/wii/GRRLib3.0.5a/template/lib/libpng.a(png.o)
                0x8001bc80                png_init_io
 .text.png_handle_as_unknown
                0x8001bc90       0xac /home/alonetrio/wii/GRRLib3.0.5a/template/lib/libpng.a(png.o)
                0x8001bc90                png_handle_as_unknown
 .text.png_sig_cmp
                0x8001bd3c       0x8c /home/alonetrio/wii/GRRLib3.0.5a/template/lib/libpng.a(png.o)
                0x8001bd3c                png_sig_cmp
 .text.png_zfree
                0x8001bdc8       0x20 /home/alonetrio/wii/GRRLib3.0.5a/template/lib/libpng.a(png.o)
                0x8001bdc8                png_zfree
 .text.png_free_data
                0x8001bde8      0x548 /home/alonetrio/wii/GRRLib3.0.5a/template/lib/libpng.a(png.o)
                0x8001bde8                png_free_data
 .text.png_zalloc
                0x8001c330       0x80 /home/alonetrio/wii/GRRLib3.0.5a/template/lib/libpng.a(png.o)
                0x8001c330                png_zalloc
 .text.png_info_init_3
                0x8001c3b0       0x5c /home/alonetrio/wii/GRRLib3.0.5a/template/lib/libpng.a(png.o)
                0x8001c3b0                png_info_init_3
 .text.png_info_destroy
                0x8001c40c       0x68 /home/alonetrio/wii/GRRLib3.0.5a/template/lib/libpng.a(png.o)
                0x8001c40c                png_info_destroy
 .text.png_create_info_struct
                0x8001c474       0x58 /home/alonetrio/wii/GRRLib3.0.5a/template/lib/libpng.a(png.o)
                0x8001c474                png_create_info_struct
 .text.png_calculate_crc
                0x8001c4cc       0x70 /home/alonetrio/wii/GRRLib3.0.5a/template/lib/libpng.a(png.o)
                0x8001c4cc                png_calculate_crc
 .text.png_reset_crc
                0x8001c53c       0x3c /home/alonetrio/wii/GRRLib3.0.5a/template/lib/libpng.a(png.o)
                0x8001c53c                png_reset_crc
 .text.png_set_sig_bytes
                0x8001c578       0x60 /home/alonetrio/wii/GRRLib3.0.5a/template/lib/libpng.a(png.o)
                0x8001c578                png_set_sig_bytes
 .text.png_set_error_fn
                0x8001c5d8       0x18 /home/alonetrio/wii/GRRLib3.0.5a/template/lib/libpng.a(pngerror.o)
                0x8001c5d8                png_set_error_fn
 .text.png_format_buffer
                0x8001c5f0      0x10c /home/alonetrio/wii/GRRLib3.0.5a/template/lib/libpng.a(pngerror.o)
 .text.png_warning
                0x8001c6fc      0x11c /home/alonetrio/wii/GRRLib3.0.5a/template/lib/libpng.a(pngerror.o)
                0x8001c6fc                png_warning
 .text.png_chunk_warning
                0x8001c818       0x50 /home/alonetrio/wii/GRRLib3.0.5a/template/lib/libpng.a(pngerror.o)
                0x8001c818                png_chunk_warning
 .text.png_error
                0x8001c868      0x1d8 /home/alonetrio/wii/GRRLib3.0.5a/template/lib/libpng.a(pngerror.o)
                0x8001c868                png_error
 .text.png_chunk_error
                0x8001ca40       0x50 /home/alonetrio/wii/GRRLib3.0.5a/template/lib/libpng.a(pngerror.o)
                0x8001ca40                png_chunk_error
 .text.png_get_rowbytes
                0x8001ca90       0x20 /home/alonetrio/wii/GRRLib3.0.5a/template/lib/libpng.a(pngget.o)
                0x8001ca90                png_get_rowbytes
 .text.png_get_bKGD
                0x8001cab0       0x3c /home/alonetrio/wii/GRRLib3.0.5a/template/lib/libpng.a(pngget.o)
                0x8001cab0                png_get_bKGD
 .text.png_get_tRNS
                0x8001caec       0xa4 /home/alonetrio/wii/GRRLib3.0.5a/template/lib/libpng.a(pngget.o)
                0x8001caec                png_get_tRNS
 .text.png_get_IHDR
                0x8001cb90      0x21c /home/alonetrio/wii/GRRLib3.0.5a/template/lib/libpng.a(pngget.o)
                0x8001cb90                png_get_IHDR
 .text.png_set_mem_fn
                0x8001cdac       0x18 /home/alonetrio/wii/GRRLib3.0.5a/template/lib/libpng.a(pngmem.o)
                0x8001cdac                png_set_mem_fn
 .text.png_memset_check
                0x8001cdc4       0x2c /home/alonetrio/wii/GRRLib3.0.5a/template/lib/libpng.a(pngmem.o)
                0x8001cdc4                png_memset_check
 .text.png_memcpy_check
                0x8001cdf0       0x2c /home/alonetrio/wii/GRRLib3.0.5a/template/lib/libpng.a(pngmem.o)
                0x8001cdf0                png_memcpy_check
 .text.png_free_default
                0x8001ce1c       0x34 /home/alonetrio/wii/GRRLib3.0.5a/template/lib/libpng.a(pngmem.o)
                0x8001ce1c                png_free_default
 .text.png_free
                0x8001ce50       0x50 /home/alonetrio/wii/GRRLib3.0.5a/template/lib/libpng.a(pngmem.o)
                0x8001ce50                png_free
 .text.png_destroy_struct_2
                0x8001cea0       0x58 /home/alonetrio/wii/GRRLib3.0.5a/template/lib/libpng.a(pngmem.o)
                0x8001cea0                png_destroy_struct_2
 .text.png_destroy_struct
                0x8001cef8        0xc /home/alonetrio/wii/GRRLib3.0.5a/template/lib/libpng.a(pngmem.o)
                0x8001cef8                png_destroy_struct
 .text.png_malloc_default
                0x8001cf04       0x48 /home/alonetrio/wii/GRRLib3.0.5a/template/lib/libpng.a(pngmem.o)
                0x8001cf04                png_malloc_default
 .text.png_malloc
                0x8001cf4c       0x90 /home/alonetrio/wii/GRRLib3.0.5a/template/lib/libpng.a(pngmem.o)
                0x8001cf4c                png_malloc
 .text.png_malloc_warn
                0x8001cfdc       0x54 /home/alonetrio/wii/GRRLib3.0.5a/template/lib/libpng.a(pngmem.o)
                0x8001cfdc                png_malloc_warn
 .text.png_create_struct_2
                0x8001d030       0x98 /home/alonetrio/wii/GRRLib3.0.5a/template/lib/libpng.a(pngmem.o)
                0x8001d030                png_create_struct_2
 .text.png_create_struct
                0x8001d0c8        0xc /home/alonetrio/wii/GRRLib3.0.5a/template/lib/libpng.a(pngmem.o)
                0x8001d0c8                png_create_struct
 .text.png_read_destroy
                0x8001d0d4      0x2d8 /home/alonetrio/wii/GRRLib3.0.5a/template/lib/libpng.a(pngread.o)
                0x8001d0d4                png_read_destroy
 .text.png_destroy_read_struct
                0x8001d3ac      0x130 /home/alonetrio/wii/GRRLib3.0.5a/template/lib/libpng.a(pngread.o)
                0x8001d3ac                png_destroy_read_struct
 .text.png_read_row
                0x8001d4dc      0x548 /home/alonetrio/wii/GRRLib3.0.5a/template/lib/libpng.a(pngread.o)
                0x8001d4dc                png_read_row
 .text.png_read_image
                0x8001da24       0xc4 /home/alonetrio/wii/GRRLib3.0.5a/template/lib/libpng.a(pngread.o)
                0x8001da24                png_read_image
 .text.png_read_update_info
                0x8001dae8       0x64 /home/alonetrio/wii/GRRLib3.0.5a/template/lib/libpng.a(pngread.o)
                0x8001dae8                png_read_update_info
 .text.png_read_info
                0x8001db4c      0x6a4 /home/alonetrio/wii/GRRLib3.0.5a/template/lib/libpng.a(pngread.o)
                0x8001db4c                png_read_info
 .text.png_create_read_struct_2
                0x8001e1f0      0x334 /home/alonetrio/wii/GRRLib3.0.5a/template/lib/libpng.a(pngread.o)
                0x8001e1f0                png_create_read_struct_2
 .text.png_create_read_struct
                0x8001e524       0x10 /home/alonetrio/wii/GRRLib3.0.5a/template/lib/libpng.a(pngread.o)
                0x8001e524                png_create_read_struct
 .text.png_set_read_fn
                0x8001e534       0x88 /home/alonetrio/wii/GRRLib3.0.5a/template/lib/libpng.a(pngrio.o)
                0x8001e534                png_set_read_fn
 .text.png_default_read_data
                0x8001e5bc       0x60 /home/alonetrio/wii/GRRLib3.0.5a/template/lib/libpng.a(pngrio.o)
                0x8001e5bc                png_default_read_data
 .text.png_read_data
                0x8001e61c       0x4c /home/alonetrio/wii/GRRLib3.0.5a/template/lib/libpng.a(pngrio.o)
                0x8001e61c                png_read_data
 .text.png_set_strip_16
                0x8001e668       0x18 /home/alonetrio/wii/GRRLib3.0.5a/template/lib/libpng.a(pngrtran.o)
                0x8001e668                png_set_strip_16
 .text.png_set_strip_alpha
                0x8001e680       0x18 /home/alonetrio/wii/GRRLib3.0.5a/template/lib/libpng.a(pngrtran.o)
                0x8001e680                png_set_strip_alpha
 .text.png_set_gray_to_rgb
                0x8001e698       0x1c /home/alonetrio/wii/GRRLib3.0.5a/template/lib/libpng.a(pngrtran.o)
                0x8001e698                png_set_gray_to_rgb
 .text.png_read_transform_info
                0x8001e6b4      0x2dc /home/alonetrio/wii/GRRLib3.0.5a/template/lib/libpng.a(pngrtran.o)
                0x8001e6b4                png_read_transform_info
 .text.png_do_unpack
                0x8001e990      0x170 /home/alonetrio/wii/GRRLib3.0.5a/template/lib/libpng.a(pngrtran.o)
                0x8001e990                png_do_unpack
 .text.png_do_unshift
                0x8001eb00      0x218 /home/alonetrio/wii/GRRLib3.0.5a/template/lib/libpng.a(pngrtran.o)
                0x8001eb00                png_do_unshift
 .text.png_do_chop
                0x8001ed18       0x98 /home/alonetrio/wii/GRRLib3.0.5a/template/lib/libpng.a(pngrtran.o)
                0x8001ed18                png_do_chop
 .text.png_do_read_swap_alpha
                0x8001edb0      0x130 /home/alonetrio/wii/GRRLib3.0.5a/template/lib/libpng.a(pngrtran.o)
                0x8001edb0                png_do_read_swap_alpha
 .text.png_do_read_invert_alpha
                0x8001eee0       0xf8 /home/alonetrio/wii/GRRLib3.0.5a/template/lib/libpng.a(pngrtran.o)
                0x8001eee0                png_do_read_invert_alpha
 .text.png_do_read_filler
                0x8001efd8      0x330 /home/alonetrio/wii/GRRLib3.0.5a/template/lib/libpng.a(pngrtran.o)
                0x8001efd8                png_do_read_filler
 .text.png_do_gray_to_rgb
                0x8001f308      0x1f0 /home/alonetrio/wii/GRRLib3.0.5a/template/lib/libpng.a(pngrtran.o)
                0x8001f308                png_do_gray_to_rgb
 .text.png_do_rgb_to_gray
                0x8001f4f8      0x6b0 /home/alonetrio/wii/GRRLib3.0.5a/template/lib/libpng.a(pngrtran.o)
                0x8001f4f8                png_do_rgb_to_gray
 .text.png_do_gamma
                0x8001fba8      0x490 /home/alonetrio/wii/GRRLib3.0.5a/template/lib/libpng.a(pngrtran.o)
                0x8001fba8                png_do_gamma
 .text.png_do_expand_palette
                0x80020038      0x2c8 /home/alonetrio/wii/GRRLib3.0.5a/template/lib/libpng.a(pngrtran.o)
                0x80020038                png_do_expand_palette
 .text.png_do_expand
                0x80020300      0x54c /home/alonetrio/wii/GRRLib3.0.5a/template/lib/libpng.a(pngrtran.o)
                0x80020300                png_do_expand
 .text.png_do_dither
                0x8002084c      0x150 /home/alonetrio/wii/GRRLib3.0.5a/template/lib/libpng.a(pngrtran.o)
                0x8002084c                png_do_dither
 .text.png_do_read_intrapixel
                0x8002099c       0xf8 /home/alonetrio/wii/GRRLib3.0.5a/template/lib/libpng.a(pngrtran.o)
                0x8002099c                png_do_read_intrapixel
 .text.png_build_gamma_table
                0x80020a94      0x928 /home/alonetrio/wii/GRRLib3.0.5a/template/lib/libpng.a(pngrtran.o)
                0x80020a94                png_build_gamma_table
 .text.png_init_read_transformations
                0x800213bc      0xc64 /home/alonetrio/wii/GRRLib3.0.5a/template/lib/libpng.a(pngrtran.o)
                0x800213bc                png_init_read_transformations
 .text.png_do_background
                0x80022020     0x11cc /home/alonetrio/wii/GRRLib3.0.5a/template/lib/libpng.a(pngrtran.o)
                0x80022020                png_do_background
 .text.png_do_read_transformations
                0x800231ec      0x518 /home/alonetrio/wii/GRRLib3.0.5a/template/lib/libpng.a(pngrtran.o)
                0x800231ec                png_do_read_transformations
 .text.png_get_uint_32
                0x80023704       0x2c /home/alonetrio/wii/GRRLib3.0.5a/template/lib/libpng.a(pngrutil.o)
                0x80023704                png_get_uint_32
 .text.png_get_int_32
                0x80023730       0x2c /home/alonetrio/wii/GRRLib3.0.5a/template/lib/libpng.a(pngrutil.o)
                0x80023730                png_get_int_32
 .text.png_get_uint_16
                0x8002375c       0x1c /home/alonetrio/wii/GRRLib3.0.5a/template/lib/libpng.a(pngrutil.o)
                0x8002375c                png_get_uint_16
 .text.png_get_uint_31
                0x80023778       0x70 /home/alonetrio/wii/GRRLib3.0.5a/template/lib/libpng.a(pngrutil.o)
                0x80023778                png_get_uint_31
 .text.png_read_start_row
                0x800237e8      0x3b0 /home/alonetrio/wii/GRRLib3.0.5a/template/lib/libpng.a(pngrutil.o)
                0x800237e8                png_read_start_row
 .text.png_crc_error
                0x80023b98       0xb4 /home/alonetrio/wii/GRRLib3.0.5a/template/lib/libpng.a(pngrutil.o)
                0x80023b98                png_crc_error
 .text.png_read_filter_row
                0x80023c4c      0x2d0 /home/alonetrio/wii/GRRLib3.0.5a/template/lib/libpng.a(pngrutil.o)
                0x80023c4c                png_read_filter_row
 .text.png_do_read_interlace
                0x80023f1c      0x48c /home/alonetrio/wii/GRRLib3.0.5a/template/lib/libpng.a(pngrutil.o)
                0x80023f1c                png_do_read_interlace
 .text.png_combine_row
                0x800243a8      0x414 /home/alonetrio/wii/GRRLib3.0.5a/template/lib/libpng.a(pngrutil.o)
                0x800243a8                png_combine_row
 .text.png_check_chunk_name
                0x800247bc       0xbc /home/alonetrio/wii/GRRLib3.0.5a/template/lib/libpng.a(pngrutil.o)
                0x800247bc                png_check_chunk_name
 .text.png_decompress_chunk
                0x80024878      0x480 /home/alonetrio/wii/GRRLib3.0.5a/template/lib/libpng.a(pngrutil.o)
                0x80024878                png_decompress_chunk
 .text.png_crc_read
                0x80024cf8       0x58 /home/alonetrio/wii/GRRLib3.0.5a/template/lib/libpng.a(pngrutil.o)
                0x80024cf8                png_crc_read
 .text.png_crc_finish
                0x80024d50      0x120 /home/alonetrio/wii/GRRLib3.0.5a/template/lib/libpng.a(pngrutil.o)
                0x80024d50                png_crc_finish
 .text.png_read_finish_row
                0x80024e70      0x3b8 /home/alonetrio/wii/GRRLib3.0.5a/template/lib/libpng.a(pngrutil.o)
                0x80024e70                png_read_finish_row
 .text.png_handle_unknown
                0x80025228      0x1f0 /home/alonetrio/wii/GRRLib3.0.5a/template/lib/libpng.a(pngrutil.o)
                0x80025228                png_handle_unknown
 .text.png_handle_zTXt
                0x80025418      0x278 /home/alonetrio/wii/GRRLib3.0.5a/template/lib/libpng.a(pngrutil.o)
                0x80025418                png_handle_zTXt
 .text.png_handle_tEXt
                0x80025690      0x1d4 /home/alonetrio/wii/GRRLib3.0.5a/template/lib/libpng.a(pngrutil.o)
                0x80025690                png_handle_tEXt
 .text.png_handle_tIME
                0x80025864      0x174 /home/alonetrio/wii/GRRLib3.0.5a/template/lib/libpng.a(pngrutil.o)
                0x80025864                png_handle_tIME
 .text.png_handle_sCAL
                0x800259d8      0x2d8 /home/alonetrio/wii/GRRLib3.0.5a/template/lib/libpng.a(pngrutil.o)
                0x800259d8                png_handle_sCAL
 .text.png_handle_pCAL
                0x80025cb0      0x3b8 /home/alonetrio/wii/GRRLib3.0.5a/template/lib/libpng.a(pngrutil.o)
                0x80025cb0                png_handle_pCAL
 .text.png_handle_oFFs
                0x80026068      0x160 /home/alonetrio/wii/GRRLib3.0.5a/template/lib/libpng.a(pngrutil.o)
                0x80026068                png_handle_oFFs
 .text.png_handle_pHYs
                0x800261c8      0x160 /home/alonetrio/wii/GRRLib3.0.5a/template/lib/libpng.a(pngrutil.o)
                0x800261c8                png_handle_pHYs
 .text.png_handle_hIST
                0x80026328      0x1d0 /home/alonetrio/wii/GRRLib3.0.5a/template/lib/libpng.a(pngrutil.o)
                0x80026328                png_handle_hIST
 .text.png_handle_bKGD
                0x800264f8      0x254 /home/alonetrio/wii/GRRLib3.0.5a/template/lib/libpng.a(pngrutil.o)
                0x800264f8                png_handle_bKGD
 .text.png_handle_tRNS
                0x8002674c      0x268 /home/alonetrio/wii/GRRLib3.0.5a/template/lib/libpng.a(pngrutil.o)
                0x8002674c                png_handle_tRNS
 .text.png_handle_sPLT
                0x800269b4      0x474 /home/alonetrio/wii/GRRLib3.0.5a/template/lib/libpng.a(pngrutil.o)
                0x800269b4                png_handle_sPLT
 .text.png_handle_iCCP
                0x80026e28      0x2e4 /home/alonetrio/wii/GRRLib3.0.5a/template/lib/libpng.a(pngrutil.o)
                0x80026e28                png_handle_iCCP
 .text.png_handle_sRGB
                0x8002710c      0x258 /home/alonetrio/wii/GRRLib3.0.5a/template/lib/libpng.a(pngrutil.o)
                0x8002710c                png_handle_sRGB
 .text.png_handle_cHRM
                0x80027364      0x540 /home/alonetrio/wii/GRRLib3.0.5a/template/lib/libpng.a(pngrutil.o)
                0x80027364                png_handle_cHRM
 .text.png_handle_sBIT
                0x800278a4      0x1a8 /home/alonetrio/wii/GRRLib3.0.5a/template/lib/libpng.a(pngrutil.o)
                0x800278a4                png_handle_sBIT
 .text.png_handle_gAMA
                0x80027a4c      0x204 /home/alonetrio/wii/GRRLib3.0.5a/template/lib/libpng.a(pngrutil.o)
                0x80027a4c                png_handle_gAMA
 .text.png_handle_IEND
                0x80027c50       0x7c /home/alonetrio/wii/GRRLib3.0.5a/template/lib/libpng.a(pngrutil.o)
                0x80027c50                png_handle_IEND
 .text.png_handle_PLTE
                0x80027ccc      0x264 /home/alonetrio/wii/GRRLib3.0.5a/template/lib/libpng.a(pngrutil.o)
                0x80027ccc                png_handle_PLTE
 .text.png_handle_IHDR
                0x80027f30      0x1d8 /home/alonetrio/wii/GRRLib3.0.5a/template/lib/libpng.a(pngrutil.o)
                0x80027f30                png_handle_IHDR
 .text.png_set_oFFs
                0x80028108       0x2c /home/alonetrio/wii/GRRLib3.0.5a/template/lib/libpng.a(pngset.o)
                0x80028108                png_set_oFFs
 .text.png_set_sCAL
                0x80028134       0x2c /home/alonetrio/wii/GRRLib3.0.5a/template/lib/libpng.a(pngset.o)
                0x80028134                png_set_sCAL
 .text.png_set_pHYs
                0x80028160       0x2c /home/alonetrio/wii/GRRLib3.0.5a/template/lib/libpng.a(pngset.o)
                0x80028160                png_set_pHYs
 .text.png_set_sRGB
                0x8002818c       0x24 /home/alonetrio/wii/GRRLib3.0.5a/template/lib/libpng.a(pngset.o)
                0x8002818c                png_set_sRGB
 .text.png_set_tIME
                0x800281b0       0x3c /home/alonetrio/wii/GRRLib3.0.5a/template/lib/libpng.a(pngset.o)
                0x800281b0                png_set_tIME
 .text.png_set_sBIT
                0x800281ec       0x30 /home/alonetrio/wii/GRRLib3.0.5a/template/lib/libpng.a(pngset.o)
                0x800281ec                png_set_sBIT
 .text.png_set_bKGD
                0x8002821c       0x3c /home/alonetrio/wii/GRRLib3.0.5a/template/lib/libpng.a(pngset.o)
                0x8002821c                png_set_bKGD
 .text.png_set_unknown_chunks
                0x80028258      0x1f0 /home/alonetrio/wii/GRRLib3.0.5a/template/lib/libpng.a(pngset.o)
                0x80028258                png_set_unknown_chunks
 .text.png_set_tRNS
                0x80028448      0x178 /home/alonetrio/wii/GRRLib3.0.5a/template/lib/libpng.a(pngset.o)
                0x80028448                png_set_tRNS
 .text.png_set_hIST
                0x800285c0      0x114 /home/alonetrio/wii/GRRLib3.0.5a/template/lib/libpng.a(pngset.o)
                0x800285c0                png_set_hIST
 .text.png_set_gAMA_fixed
                0x800286d4       0xcc /home/alonetrio/wii/GRRLib3.0.5a/template/lib/libpng.a(pngset.o)
                0x800286d4                png_set_gAMA_fixed
 .text.png_set_gAMA
                0x800287a0       0xf0 /home/alonetrio/wii/GRRLib3.0.5a/template/lib/libpng.a(pngset.o)
                0x800287a0                png_set_gAMA
 .text.png_set_cHRM_fixed
                0x80028890      0x230 /home/alonetrio/wii/GRRLib3.0.5a/template/lib/libpng.a(pngset.o)
                0x80028890                png_set_cHRM_fixed
 .text.png_set_cHRM
                0x80028ac0      0x2a8 /home/alonetrio/wii/GRRLib3.0.5a/template/lib/libpng.a(pngset.o)
                0x80028ac0                png_set_cHRM
 .text.png_set_sRGB_gAMA_and_cHRM
                0x80028d68      0x110 /home/alonetrio/wii/GRRLib3.0.5a/template/lib/libpng.a(pngset.o)
                0x80028d68                png_set_sRGB_gAMA_and_cHRM
 .text.png_set_sPLT
                0x80028e78      0x238 /home/alonetrio/wii/GRRLib3.0.5a/template/lib/libpng.a(pngset.o)
                0x80028e78                png_set_sPLT
 .text.png_set_text_2
                0x800290b0      0x288 /home/alonetrio/wii/GRRLib3.0.5a/template/lib/libpng.a(pngset.o)
                0x800290b0                png_set_text_2
 .text.png_set_iCCP
                0x80029338      0x178 /home/alonetrio/wii/GRRLib3.0.5a/template/lib/libpng.a(pngset.o)
                0x80029338                png_set_iCCP
 .text.png_set_pCAL
                0x800294b0      0x29c /home/alonetrio/wii/GRRLib3.0.5a/template/lib/libpng.a(pngset.o)
                0x800294b0                png_set_pCAL
 .text.png_set_IHDR
                0x8002974c      0x3c0 /home/alonetrio/wii/GRRLib3.0.5a/template/lib/libpng.a(pngset.o)
                0x8002974c                png_set_IHDR
 .text.png_set_PLTE
                0x80029b0c      0x110 /home/alonetrio/wii/GRRLib3.0.5a/template/lib/libpng.a(pngset.o)
                0x80029b0c                png_set_PLTE
 .text.png_set_packing
                0x80029c1c       0x2c /home/alonetrio/wii/GRRLib3.0.5a/template/lib/libpng.a(pngtrans.o)
                0x80029c1c                png_set_packing
 .text.png_set_interlace_handling
                0x80029c48       0x38 /home/alonetrio/wii/GRRLib3.0.5a/template/lib/libpng.a(pngtrans.o)
                0x80029c48                png_set_interlace_handling
 .text.png_do_invert
                0x80029c80       0xc0 /home/alonetrio/wii/GRRLib3.0.5a/template/lib/libpng.a(pngtrans.o)
                0x80029c80                png_do_invert
 .text.png_do_swap
                0x80029d40       0x3c /home/alonetrio/wii/GRRLib3.0.5a/template/lib/libpng.a(pngtrans.o)
                0x80029d40                png_do_swap
 .text.png_do_packswap
                0x80029d7c       0x8c /home/alonetrio/wii/GRRLib3.0.5a/template/lib/libpng.a(pngtrans.o)
                0x80029d7c                png_do_packswap
 .text.png_do_strip_filler
                0x80029e08      0x31c /home/alonetrio/wii/GRRLib3.0.5a/template/lib/libpng.a(pngtrans.o)
                0x80029e08                png_do_strip_filler
 .text.png_do_bgr
                0x8002a124      0x104 /home/alonetrio/wii/GRRLib3.0.5a/template/lib/libpng.a(pngtrans.o)
                0x8002a124                png_do_bgr
 .text.crc32    0x8002a228      0xca0 /opt/devkitpro/libogc/lib/wii/libz.a(crc32.o)
                0x8002a228                crc32
 .text.zcfree   0x8002aec8       0x24 /opt/devkitpro/libogc/lib/wii/libz.a(zutil.o)
                0x8002aec8                zcfree
 .text.zcalloc  0x8002aeec       0x24 /opt/devkitpro/libogc/lib/wii/libz.a(zutil.o)
                0x8002aeec                zcalloc
 .text.inflateReset
                0x8002af10       0x88 /opt/devkitpro/libogc/lib/wii/libz.a(inflate.o)
                0x8002af10                inflateReset
 .text.inflateInit2_
                0x8002af98      0x14c /opt/devkitpro/libogc/lib/wii/libz.a(inflate.o)
                0x8002af98                inflateInit2_
 .text.inflateInit_
                0x8002b0e4       0x10 /opt/devkitpro/libogc/lib/wii/libz.a(inflate.o)
                0x8002b0e4                inflateInit_
 .text.inflateEnd
                0x8002b0f4       0x88 /opt/devkitpro/libogc/lib/wii/libz.a(inflate.o)
                0x8002b0f4                inflateEnd
 .text.updatewindow
                0x8002b17c      0x1f4 /opt/devkitpro/libogc/lib/wii/libz.a(inflate.o)
 .text.inflate  0x8002b370     0x1ae8 /opt/devkitpro/libogc/lib/wii/libz.a(inflate.o)
                0x8002b370                inflate
 .text.inflate_table
                0x8002ce58      0x5b4 /opt/devkitpro/libogc/lib/wii/libz.a(inftrees.o)
                0x8002ce58                inflate_table
 .text.inflate_fast
                0x8002d40c      0x5a0 /opt/devkitpro/libogc/lib/wii/libz.a(inffast.o)
                0x8002d40c                inflate_fast
 .text.adler32  0x8002d9ac      0x378 /opt/devkitpro/libogc/lib/wii/libz.a(adler32.o)
                0x8002d9ac                adler32
 .text.fatMount
                0x8002dd24       0xec /opt/devkitpro/libogc/lib/wii/libfat.a(libfat.o)
                0x8002dd24                fatMount
 .text.fatInit  0x8002de10      0x2b4 /opt/devkitpro/libogc/lib/wii/libfat.a(libfat.o)
                0x8002de10                fatInit
 .text.fatInitDefault
                0x8002e0c4       0x28 /opt/devkitpro/libogc/lib/wii/libfat.a(libfat.o)
                0x8002e0c4                fatInitDefault
 .text._FAT_partition_getPartitionFromPath
                0x8002e0ec       0x34 /opt/devkitpro/libogc/lib/wii/libfat.a(partition.o)
                0x8002e0ec                _FAT_partition_getPartitionFromPath
 .text._FAT_partition_constructor
                0x8002e120      0x450 /opt/devkitpro/libogc/lib/wii/libfat.a(partition.o)
                0x8002e120                _FAT_partition_constructor
 .text._FAT_cache_getSector
                0x8002e570      0x19c /opt/devkitpro/libogc/lib/wii/libfat.a(cache.o)
 .text._FAT_cache_flush
                0x8002e70c       0xe0 /opt/devkitpro/libogc/lib/wii/libfat.a(cache.o)
                0x8002e70c                _FAT_cache_flush
 .text._FAT_cache_eraseWritePartialSector
                0x8002e7ec       0xf0 /opt/devkitpro/libogc/lib/wii/libfat.a(cache.o)
                0x8002e7ec                _FAT_cache_eraseWritePartialSector
 .text._FAT_cache_writePartialSector
                0x8002e8dc       0xd0 /opt/devkitpro/libogc/lib/wii/libfat.a(cache.o)
                0x8002e8dc                _FAT_cache_writePartialSector
 .text._FAT_cache_writeLittleEndianValue
                0x8002e9ac       0x90 /opt/devkitpro/libogc/lib/wii/libfat.a(cache.o)
                0x8002e9ac                _FAT_cache_writeLittleEndianValue
 .text._FAT_cache_readPartialSector
                0x8002ea3c       0xac /opt/devkitpro/libogc/lib/wii/libfat.a(cache.o)
                0x8002ea3c                _FAT_cache_readPartialSector
 .text._FAT_cache_readLittleEndianValue
                0x8002eae8       0xfc /opt/devkitpro/libogc/lib/wii/libfat.a(cache.o)
                0x8002eae8                _FAT_cache_readLittleEndianValue
 .text._FAT_cache_constructor
                0x8002ebe4      0x11c /opt/devkitpro/libogc/lib/wii/libfat.a(cache.o)
                0x8002ebe4                _FAT_cache_constructor
 .text.get_io_gcsda
                0x8002ed00        0xc /opt/devkitpro/libogc/lib/wii/libfat.a(disc.o)
 .text.get_io_gcsdb
                0x8002ed0c        0xc /opt/devkitpro/libogc/lib/wii/libfat.a(disc.o)
 .text.get_io_wiisd
                0x8002ed18        0xc /opt/devkitpro/libogc/lib/wii/libfat.a(disc.o)
 .text.get_io_usbstorage
                0x8002ed24        0xc /opt/devkitpro/libogc/lib/wii/libfat.a(disc.o)
 .text._FAT_link_r
                0x8002ed30       0x10 /opt/devkitpro/libogc/lib/wii/libfat.a(fatdir.o)
                0x8002ed30                _FAT_link_r
 .text._FAT_statvfs_r
                0x8002ed40       0xd4 /opt/devkitpro/libogc/lib/wii/libfat.a(fatdir.o)
                0x8002ed40                _FAT_statvfs_r
 .text._FAT_mkdir_r
                0x8002ee14      0x458 /opt/devkitpro/libogc/lib/wii/libfat.a(fatdir.o)
                0x8002ee14                _FAT_mkdir_r
 .text._FAT_rename_r
                0x8002f26c      0x2e4 /opt/devkitpro/libogc/lib/wii/libfat.a(fatdir.o)
                0x8002f26c                _FAT_rename_r
 .text._FAT_chdir_r
                0x8002f550       0xf0 /opt/devkitpro/libogc/lib/wii/libfat.a(fatdir.o)
                0x8002f550                _FAT_chdir_r
 .text._FAT_unlink_r
                0x8002f640      0x26c /opt/devkitpro/libogc/lib/wii/libfat.a(fatdir.o)
                0x8002f640                _FAT_unlink_r
 .text._FAT_dirclose_r
                0x8002f8ac       0x4c /opt/devkitpro/libogc/lib/wii/libfat.a(fatdir.o)
                0x8002f8ac                _FAT_dirclose_r
 .text._FAT_stat_r
                0x8002f8f8      0x128 /opt/devkitpro/libogc/lib/wii/libfat.a(fatdir.o)
                0x8002f8f8                _FAT_stat_r
 .text._FAT_dirnext_r
                0x8002fa20       0xf4 /opt/devkitpro/libogc/lib/wii/libfat.a(fatdir.o)
                0x8002fa20                _FAT_dirnext_r
 .text._FAT_dirreset_r
                0x8002fb14       0x8c /opt/devkitpro/libogc/lib/wii/libfat.a(fatdir.o)
                0x8002fb14                _FAT_dirreset_r
 .text._FAT_diropen_r
                0x8002fba0      0x170 /opt/devkitpro/libogc/lib/wii/libfat.a(fatdir.o)
                0x8002fba0                _FAT_diropen_r
 .text._FAT_file_extend_r
                0x8002fd10      0x36c /opt/devkitpro/libogc/lib/wii/libfat.a(fatfile.o)
 .text._FAT_syncToDisc
                0x8003007c      0x1b4 /opt/devkitpro/libogc/lib/wii/libfat.a(fatfile.o)
                0x8003007c                _FAT_syncToDisc
 .text._FAT_open_r
                0x80030230      0x500 /opt/devkitpro/libogc/lib/wii/libfat.a(fatfile.o)
                0x80030230                _FAT_open_r
 .text._FAT_close_r
                0x80030730       0xd0 /opt/devkitpro/libogc/lib/wii/libfat.a(fatfile.o)
                0x80030730                _FAT_close_r
 .text._FAT_fsync_r
                0x80030800       0x90 /opt/devkitpro/libogc/lib/wii/libfat.a(fatfile.o)
                0x80030800                _FAT_fsync_r
 .text._FAT_ftruncate_r
                0x80030890      0x2b8 /opt/devkitpro/libogc/lib/wii/libfat.a(fatfile.o)
                0x80030890                _FAT_ftruncate_r
 .text._FAT_fstat_r
                0x80030b48      0x130 /opt/devkitpro/libogc/lib/wii/libfat.a(fatfile.o)
                0x80030b48                _FAT_fstat_r
 .text._FAT_seek_r
                0x80030c78      0x2bc /opt/devkitpro/libogc/lib/wii/libfat.a(fatfile.o)
                0x80030c78                _FAT_seek_r
 .text._FAT_read_r
                0x80030f34      0x4b0 /opt/devkitpro/libogc/lib/wii/libfat.a(fatfile.o)
                0x80030f34                _FAT_read_r
 .text._FAT_write_r
                0x800313e4      0x6a0 /opt/devkitpro/libogc/lib/wii/libfat.a(fatfile.o)
                0x800313e4                _FAT_write_r
 .text._FAT_fat_nextCluster
                0x80031a84      0x1b4 /opt/devkitpro/libogc/lib/wii/libfat.a(file_allocation_table.o)
                0x80031a84                _FAT_fat_nextCluster
 .text._FAT_fat_freeClusterCount
                0x80031c38       0x78 /opt/devkitpro/libogc/lib/wii/libfat.a(file_allocation_table.o)
                0x80031c38                _FAT_fat_freeClusterCount
 .text._FAT_fat_lastCluster
                0x80031cb0       0x84 /opt/devkitpro/libogc/lib/wii/libfat.a(file_allocation_table.o)
                0x80031cb0                _FAT_fat_lastCluster
 .text._FAT_fat_writeFatEntry
                0x80031d34      0x20c /opt/devkitpro/libogc/lib/wii/libfat.a(file_allocation_table.o)
 .text._FAT_fat_clearLinks
                0x80031f40       0xf0 /opt/devkitpro/libogc/lib/wii/libfat.a(file_allocation_table.o)
                0x80031f40                _FAT_fat_clearLinks
 .text._FAT_fat_trimChain
                0x80032030      0x134 /opt/devkitpro/libogc/lib/wii/libfat.a(file_allocation_table.o)
                0x80032030                _FAT_fat_trimChain
 .text._FAT_fat_linkFreeCluster
                0x80032164      0x16c /opt/devkitpro/libogc/lib/wii/libfat.a(file_allocation_table.o)
                0x80032164                _FAT_fat_linkFreeCluster
 .text._FAT_fat_linkFreeClusterCleared
                0x800322d0       0xdc /opt/devkitpro/libogc/lib/wii/libfat.a(file_allocation_table.o)
                0x800322d0                _FAT_fat_linkFreeClusterCleared
 .text._FAT_filetime_to_time_t
                0x800323ac       0x60 /opt/devkitpro/libogc/lib/wii/libfat.a(filetime.o)
                0x800323ac                _FAT_filetime_to_time_t
 .text._FAT_filetime_getDateFromRTC
                0x8003240c       0x98 /opt/devkitpro/libogc/lib/wii/libfat.a(filetime.o)
                0x8003240c                _FAT_filetime_getDateFromRTC
 .text._FAT_filetime_getTimeFromRTC
                0x800324a4       0x94 /opt/devkitpro/libogc/lib/wii/libfat.a(filetime.o)
                0x800324a4                _FAT_filetime_getTimeFromRTC
 .text._FAT_directory_entryGetAlias
                0x80032538       0xdc /opt/devkitpro/libogc/lib/wii/libfat.a(directory.o)
 .text._FAT_directory_entryGetCluster
                0x80032614       0x50 /opt/devkitpro/libogc/lib/wii/libfat.a(directory.o)
                0x80032614                _FAT_directory_entryGetCluster
 .text._FAT_directory_getRootEntry
                0x80032664       0xe0 /opt/devkitpro/libogc/lib/wii/libfat.a(directory.o)
                0x80032664                _FAT_directory_getRootEntry
 .text._FAT_directory_mbsncasecmp
                0x80032744      0x190 /opt/devkitpro/libogc/lib/wii/libfat.a(directory.o)
 .text._FAT_directory_incrementDirEntryPosition
                0x800328d4      0x100 /opt/devkitpro/libogc/lib/wii/libfat.a(directory.o)
 .text._FAT_directory_ucs2tombs
                0x800329d4      0x180 /opt/devkitpro/libogc/lib/wii/libfat.a(directory.o)
 .text._FAT_directory_getNextEntry
                0x80032b54      0x3a0 /opt/devkitpro/libogc/lib/wii/libfat.a(directory.o)
                0x80032b54                _FAT_directory_getNextEntry
 .text._FAT_directory_getFirstEntry
                0x80032ef4       0x40 /opt/devkitpro/libogc/lib/wii/libfat.a(directory.o)
                0x80032ef4                _FAT_directory_getFirstEntry
 .text._FAT_directory_entryExists
                0x80032f34      0x148 /opt/devkitpro/libogc/lib/wii/libfat.a(directory.o)
 .text._FAT_directory_entryFromPath
                0x8003307c      0x348 /opt/devkitpro/libogc/lib/wii/libfat.a(directory.o)
                0x8003307c                _FAT_directory_entryFromPath
 .text._FAT_directory_chdir
                0x800333c4       0x90 /opt/devkitpro/libogc/lib/wii/libfat.a(directory.o)
                0x800333c4                _FAT_directory_chdir
 .text._FAT_directory_entryFromPosition
                0x80033454      0x258 /opt/devkitpro/libogc/lib/wii/libfat.a(directory.o)
                0x80033454                _FAT_directory_entryFromPosition
 .text._FAT_directory_removeEntry
                0x800336ac      0x170 /opt/devkitpro/libogc/lib/wii/libfat.a(directory.o)
                0x800336ac                _FAT_directory_removeEntry
 .text._FAT_directory_entryStat
                0x8003381c      0x1a0 /opt/devkitpro/libogc/lib/wii/libfat.a(directory.o)
                0x8003381c                _FAT_directory_entryStat
 .text._FAT_directory_addEntry
                0x800339bc      0xc4c /opt/devkitpro/libogc/lib/wii/libfat.a(directory.o)
                0x800339bc                _FAT_directory_addEntry
 .text.__wpad_assign_slot
                0x80034608      0x24c /opt/devkitpro/libogc/lib/wii/libwiiuse.a(wpad.o)
                0x80034608                __wpad_assign_slot
 .text.__wpad_disconnectCB
                0x80034854      0x100 /opt/devkitpro/libogc/lib/wii/libwiiuse.a(wpad.o)
                0x80034854                __wpad_disconnectCB
 .text.WPAD_ButtonsDown
                0x80034954       0x28 /opt/devkitpro/libogc/lib/wii/libwiiuse.a(wpad.o)
                0x80034954                WPAD_ButtonsDown
 .text.WPAD_ButtonsHeld
                0x8003497c       0x28 /opt/devkitpro/libogc/lib/wii/libwiiuse.a(wpad.o)